Component: Arm Compiler for Embedded 6.19 Tool: armlink [5e73cb00]

==============================================================================

Section Cross References

    startup_stm32f051x8.o(STACK) refers (Special) to heapauxi.o(.text) for __use_two_region_memory
    startup_stm32f051x8.o(HEAP) refers (Special) to heapauxi.o(.text) for __use_two_region_memory
    startup_stm32f051x8.o(RESET) refers (Special) to heapauxi.o(.text) for __use_two_region_memory
    startup_stm32f051x8.o(RESET) refers to startup_stm32f051x8.o(STACK) for __initial_sp
    startup_stm32f051x8.o(RESET) refers to startup_stm32f051x8.o(.text) for Reset_Handler
    startup_stm32f051x8.o(RESET) refers to stm32f0xx_it.o(.text.NMI_Handler) for NMI_Handler
    startup_stm32f051x8.o(RESET) refers to stm32f0xx_it.o(.text.HardFault_Handler) for HardFault_Handler
    startup_stm32f051x8.o(RESET) refers to stm32f0xx_it.o(.text.SVC_Handler) for SVC_Handler
    startup_stm32f051x8.o(RESET) refers to stm32f0xx_it.o(.text.PendSV_Handler) for PendSV_Handler
    startup_stm32f051x8.o(RESET) refers to stm32f0xx_it.o(.text.SysTick_Handler) for SysTick_Handler
    startup_stm32f051x8.o(RESET) refers to stm32f0xx_it.o(.text.USART1_IRQHandler) for USART1_IRQHandler
    startup_stm32f051x8.o(.text) refers (Special) to heapauxi.o(.text) for __use_two_region_memory
    startup_stm32f051x8.o(.text) refers to system_stm32f0xx.o(.text.SystemInit) for SystemInit
    startup_stm32f051x8.o(.text) refers to __main.o(!!!main) for __main
    startup_stm32f051x8.o(.text) refers to startup_stm32f051x8.o(HEAP) for Heap_Mem
    startup_stm32f051x8.o(.text) refers to startup_stm32f051x8.o(STACK) for Stack_Mem
    ringbuffer.o(.text.ring_buffer_init) refers to h1_alloc.o(.text) for malloc
    ringbuffer.o(.ARM.exidx.text.ring_buffer_init) refers to ringbuffer.o(.text.ring_buffer_init) for [Anonymous Symbol]
    ringbuffer.o(.text.ring_buffer_free) refers to h1_free.o(.text) for free
    ringbuffer.o(.ARM.exidx.text.ring_buffer_free) refers to ringbuffer.o(.text.ring_buffer_free) for [Anonymous Symbol]
    ringbuffer.o(.ARM.exidx.text.ring_buffer_is_empty) refers to ringbuffer.o(.text.ring_buffer_is_empty) for [Anonymous Symbol]
    ringbuffer.o(.text.ring_buffer_is_full) refers to aeabi_sdiv.o(.text) for __aeabi_idivmod
    ringbuffer.o(.ARM.exidx.text.ring_buffer_is_full) refers to ringbuffer.o(.text.ring_buffer_is_full) for [Anonymous Symbol]
    ringbuffer.o(.text.ring_buffer_put) refers to ringbuffer.o(.text.ring_buffer_is_full) for ring_buffer_is_full
    ringbuffer.o(.text.ring_buffer_put) refers to aeabi_sdiv.o(.text) for __aeabi_idivmod
    ringbuffer.o(.ARM.exidx.text.ring_buffer_put) refers to ringbuffer.o(.text.ring_buffer_put) for [Anonymous Symbol]
    ringbuffer.o(.text.ring_buffer_get) refers to ringbuffer.o(.text.ring_buffer_is_empty) for ring_buffer_is_empty
    ringbuffer.o(.text.ring_buffer_get) refers to aeabi_sdiv.o(.text) for __aeabi_idivmod
    ringbuffer.o(.ARM.exidx.text.ring_buffer_get) refers to ringbuffer.o(.text.ring_buffer_get) for [Anonymous Symbol]
    ringbuffer.o(.text.ring_buffer_clear) refers to rt_memclr.o(.text) for __aeabi_memclr
    ringbuffer.o(.ARM.exidx.text.ring_buffer_clear) refers to ringbuffer.o(.text.ring_buffer_clear) for [Anonymous Symbol]
    ringbuffer.o(.text.ring_buffer_count) refers to aeabi_sdiv.o(.text) for __aeabi_idivmod
    ringbuffer.o(.ARM.exidx.text.ring_buffer_count) refers to ringbuffer.o(.text.ring_buffer_count) for [Anonymous Symbol]
    main.o(.text.HAL_UART_RxCpltCallback) refers to ringbuffer.o(.text.ring_buffer_put) for ring_buffer_put
    main.o(.text.HAL_UART_RxCpltCallback) refers to stm32f0xx_hal_uart.o(.text.HAL_UART_Receive_IT) for HAL_UART_Receive_IT
    main.o(.text.HAL_UART_RxCpltCallback) refers to main.o(.bss.recvd_data) for recvd_data
    main.o(.text.HAL_UART_RxCpltCallback) refers to main.o(.bss.data_buffer) for data_buffer
    main.o(.text.HAL_UART_RxCpltCallback) refers to main.o(.bss.huart1) for huart1
    main.o(.ARM.exidx.text.HAL_UART_RxCpltCallback) refers to main.o(.text.HAL_UART_RxCpltCallback) for [Anonymous Symbol]
    main.o(.text.buffer_check) refers to ringbuffer.o(.text.ring_buffer_is_empty) for ring_buffer_is_empty
    main.o(.text.buffer_check) refers to ringbuffer.o(.text.ring_buffer_get) for ring_buffer_get
    main.o(.text.buffer_check) refers to strcmp.o(.text) for strcmp
    main.o(.text.buffer_check) refers to stm32f0xx_hal_gpio.o(.text.HAL_GPIO_WritePin) for HAL_GPIO_WritePin
    main.o(.text.buffer_check) refers to rt_memclr.o(.text) for __aeabi_memclr
    main.o(.text.buffer_check) refers to main.o(.bss.data_buffer) for data_buffer
    main.o(.text.buffer_check) refers to main.o(.bss.start) for start
    main.o(.text.buffer_check) refers to main.o(.bss.buffer_check.i) for [Anonymous Symbol]
    main.o(.text.buffer_check) refers to main.o(.bss.data_command) for data_command
[...]
    Removing stm32f0xx_hal_pwr.o(.ARM.exidx.text.HAL_PWR_EnableSEVOnPend), (8 bytes).
    Removing stm32f0xx_hal_pwr.o(.text.HAL_PWR_DisableSEVOnPend), (16 bytes).
    Removing stm32f0xx_hal_pwr.o(.ARM.exidx.text.HAL_PWR_DisableSEVOnPend), (8 bytes).
    Removing stm32f0xx_hal_pwr_ex.o(.text), (0 bytes).
    Removing stm32f0xx_hal_pwr_ex.o(.text.HAL_PWR_ConfigPVD), (188 bytes).
    Removing stm32f0xx_hal_pwr_ex.o(.ARM.exidx.text.HAL_PWR_ConfigPVD), (8 bytes).
    Removing stm32f0xx_hal_pwr_ex.o(.text.HAL_PWR_EnablePVD), (16 bytes).
    Removing stm32f0xx_hal_pwr_ex.o(.ARM.exidx.text.HAL_PWR_EnablePVD), (8 bytes).
    Removing stm32f0xx_hal_pwr_ex.o(.text.HAL_PWR_DisablePVD), (16 bytes).
    Removing stm32f0xx_hal_pwr_ex.o(.ARM.exidx.text.HAL_PWR_DisablePVD), (8 bytes).
    Removing stm32f0xx_hal_pwr_ex.o(.text.HAL_PWR_PVD_IRQHandler), (36 bytes).
    Removing stm32f0xx_hal_pwr_ex.o(.ARM.exidx.text.HAL_PWR_PVD_IRQHandler), (8 bytes).
    Removing stm32f0xx_hal_pwr_ex.o(.text.HAL_PWR_PVDCallback), (2 bytes).
    Removing stm32f0xx_hal_pwr_ex.o(.ARM.exidx.text.HAL_PWR_PVDCallback), (8 bytes).
    Removing stm32f0xx_hal_flash.o(.text), (0 bytes).
    Removing stm32f0xx_hal_flash.o(.text.HAL_FLASH_Program), (260 bytes).
    Removing stm32f0xx_hal_flash.o(.ARM.exidx.text.HAL_FLASH_Program), (8 bytes).
    Removing stm32f0xx_hal_flash.o(.text.FLASH_WaitForLastOperation), (152 bytes).
    Removing stm32f0xx_hal_flash.o(.ARM.exidx.text.FLASH_WaitForLastOperation), (8 bytes).
    Removing stm32f0xx_hal_flash.o(.text.FLASH_Program_HalfWord), (44 bytes).
    Removing stm32f0xx_hal_flash.o(.ARM.exidx.text.FLASH_Program_HalfWord), (8 bytes).
    Removing stm32f0xx_hal_flash.o(.text.HAL_FLASH_Program_IT), (164 bytes).
    Removing stm32f0xx_hal_flash.o(.ARM.exidx.text.HAL_FLASH_Program_IT), (8 bytes).
    Removing stm32f0xx_hal_flash.o(.text.HAL_FLASH_IRQHandler), (432 bytes).
    Removing stm32f0xx_hal_flash.o(.ARM.exidx.text.HAL_FLASH_IRQHandler), (8 bytes).
    Removing stm32f0xx_hal_flash.o(.text.FLASH_SetErrorCode), (88 bytes).
    Removing stm32f0xx_hal_flash.o(.ARM.exidx.text.FLASH_SetErrorCode), (8 bytes).
    Removing stm32f0xx_hal_flash.o(.text.HAL_FLASH_OperationErrorCallback), (8 bytes).
    Removing stm32f0xx_hal_flash.o(.ARM.exidx.text.HAL_FLASH_OperationErrorCallback), (8 bytes).
    Removing stm32f0xx_hal_flash.o(.text.HAL_FLASH_EndOfOperationCallback), (8 bytes).
    Removing stm32f0xx_hal_flash.o(.ARM.exidx.text.HAL_FLASH_EndOfOperationCallback), (8 bytes).
    Removing stm32f0xx_hal_flash.o(.text.HAL_FLASH_Unlock), (76 bytes).
    Removing stm32f0xx_hal_flash.o(.ARM.exidx.text.HAL_FLASH_Unlock), (8 bytes).
    Removing stm32f0xx_hal_flash.o(.text.HAL_FLASH_Lock), (20 bytes).
    Removing stm32f0xx_hal_flash.o(.ARM.exidx.text.HAL_FLASH_Lock), (8 bytes).
    Removing stm32f0xx_hal_flash.o(.text.HAL_FLASH_OB_Unlock), (68 bytes).
    Removing stm32f0xx_hal_flash.o(.ARM.exidx.text.HAL_FLASH_OB_Unlock), (8 bytes).
    Removing stm32f0xx_hal_flash.o(.text.HAL_FLASH_OB_Lock), (20 bytes).
    Removing stm32f0xx_hal_flash.o(.ARM.exidx.text.HAL_FLASH_OB_Lock), (8 bytes).
    Removing stm32f0xx_hal_flash.o(.text.HAL_FLASH_OB_Launch), (32 bytes).
    Removing stm32f0xx_hal_flash.o(.ARM.exidx.text.HAL_FLASH_OB_Launch), (8 bytes).
    Removing stm32f0xx_hal_flash.o(.text.HAL_FLASH_GetError), (12 bytes).
    Removing stm32f0xx_hal_flash.o(.ARM.exidx.text.HAL_FLASH_GetError), (8 bytes).
    Removing stm32f0xx_hal_flash.o(.bss.pFlash), (32 bytes).
    Removing stm32f0xx_hal_flash_ex.o(.text), (0 bytes).
    Removing stm32f0xx_hal_flash_ex.o(.text.HAL_FLASHEx_Erase), (244 bytes).
    Removing stm32f0xx_hal_flash_ex.o(.ARM.exidx.text.HAL_FLASHEx_Erase), (8 bytes).
    Removing stm32f0xx_hal_flash_ex.o(.text.FLASH_MassErase), (36 bytes).
    Removing stm32f0xx_hal_flash_ex.o(.ARM.exidx.text.FLASH_MassErase), (8 bytes).
    Removing stm32f0xx_hal_flash_ex.o(.text.FLASH_PageErase), (52 bytes).
    Removing stm32f0xx_hal_flash_ex.o(.ARM.exidx.text.FLASH_PageErase), (8 bytes).
    Removing stm32f0xx_hal_flash_ex.o(.text.HAL_FLASHEx_Erase_IT), (148 bytes).
    Removing stm32f0xx_hal_flash_ex.o(.ARM.exidx.text.HAL_FLASHEx_Erase_IT), (8 bytes).
    Removing stm32f0xx_hal_flash_ex.o(.text.HAL_FLASHEx_OBErase), (144 bytes).
    Removing stm32f0xx_hal_flash_ex.o(.ARM.exidx.text.HAL_FLASHEx_OBErase), (8 bytes).
    Removing stm32f0xx_hal_flash_ex.o(.text.FLASH_OB_GetRDP), (60 bytes).
    Removing stm32f0xx_hal_flash_ex.o(.ARM.exidx.text.FLASH_OB_GetRDP), (8 bytes).
    Removing stm32f0xx_hal_flash_ex.o(.text.FLASH_OB_RDP_LevelConfig), (164 bytes).
    Removing stm32f0xx_hal_flash_ex.o(.ARM.exidx.text.FLASH_OB_RDP_LevelConfig), (8 bytes).
    Removing stm32f0xx_hal_flash_ex.o(.text.HAL_FLASHEx_OBProgram), (316 bytes).
    Removing stm32f0xx_hal_flash_ex.o(.ARM.exidx.text.HAL_FLASHEx_OBProgram), (8 bytes).
    Removing stm32f0xx_hal_flash_ex.o(.text.FLASH_OB_EnableWRP), (232 bytes).
    Removing stm32f0xx_hal_flash_ex.o(.ARM.exidx.text.FLASH_OB_EnableWRP), (8 bytes).
    Removing stm32f0xx_hal_flash_ex.o(.text.FLASH_OB_DisableWRP), (228 bytes).
    Removing stm32f0xx_hal_flash_ex.o(.ARM.exidx.text.FLASH_OB_DisableWRP), (8 bytes).
    Removing stm32f0xx_hal_flash_ex.o(.text.FLASH_OB_UserConfig), (116 bytes).
    Removing stm32f0xx_hal_flash_ex.o(.ARM.exidx.text.FLASH_OB_UserConfig), (8 bytes).
    Removing stm32f0xx_hal_flash_ex.o(.text.FLASH_OB_ProgramData), (108 bytes).
    Removing stm32f0xx_hal_flash_ex.o(.ARM.exidx.text.FLASH_OB_ProgramData), (8 bytes).
    Removing stm32f0xx_hal_flash_ex.o(.text.HAL_FLASHEx_OBGetConfig), (40 bytes).
    Removing stm32f0xx_hal_flash_ex.o(.ARM.exidx.text.HAL_FLASHEx_OBGetConfig), (8 bytes).
    Removing stm32f0xx_hal_flash_ex.o(.text.FLASH_OB_GetWRP), (12 bytes).
    Removing stm32f0xx_hal_flash_ex.o(.ARM.exidx.text.FLASH_OB_GetWRP), (8 bytes).
    Removing stm32f0xx_hal_flash_ex.o(.text.FLASH_OB_GetUser), (20 bytes).
    Removing stm32f0xx_hal_flash_ex.o(.ARM.exidx.text.FLASH_OB_GetUser), (8 bytes).
    Removing stm32f0xx_hal_flash_ex.o(.text.HAL_FLASHEx_OBGetUserData), (60 bytes).
    Removing stm32f0xx_hal_flash_ex.o(.ARM.exidx.text.HAL_FLASHEx_OBGetUserData), (8 bytes).
    Removing stm32f0xx_hal_exti.o(.text), (0 bytes).
    Removing stm32f0xx_hal_exti.o(.text.HAL_EXTI_SetConfigLine), (324 bytes).
    Removing stm32f0xx_hal_exti.o(.ARM.exidx.text.HAL_EXTI_SetConfigLine), (8 bytes).
    Removing stm32f0xx_hal_exti.o(.text.HAL_EXTI_GetConfigLine), (260 bytes).
    Removing stm32f0xx_hal_exti.o(.ARM.exidx.text.HAL_EXTI_GetConfigLine), (8 bytes).
    Removing stm32f0xx_hal_exti.o(.text.HAL_EXTI_ClearConfigLine), (184 bytes).
    Removing stm32f0xx_hal_exti.o(.ARM.exidx.text.HAL_EXTI_ClearConfigLine), (8 bytes).
    Removing stm32f0xx_hal_exti.o(.text.HAL_EXTI_RegisterCallback), (48 bytes).
    Removing stm32f0xx_hal_exti.o(.ARM.exidx.text.HAL_EXTI_RegisterCallback), (8 bytes).
    Removing stm32f0xx_hal_exti.o(.text.HAL_EXTI_GetHandle), (44 bytes).
    Removing stm32f0xx_hal_exti.o(.ARM.exidx.text.HAL_EXTI_GetHandle), (8 bytes).
    Removing stm32f0xx_hal_exti.o(.text.HAL_EXTI_IRQHandler), (72 bytes).
    Removing stm32f0xx_hal_exti.o(.ARM.exidx.text.HAL_EXTI_IRQHandler), (8 bytes).
    Removing stm32f0xx_hal_exti.o(.text.HAL_EXTI_GetPending), (48 bytes).
    Removing stm32f0xx_hal_exti.o(.ARM.exidx.text.HAL_EXTI_GetPending), (8 bytes).
    Removing stm32f0xx_hal_exti.o(.text.HAL_EXTI_ClearPending), (36 bytes).
    Removing stm32f0xx_hal_exti.o(.ARM.exidx.text.HAL_EXTI_ClearPending), (8 bytes).
    Removing stm32f0xx_hal_exti.o(.text.HAL_EXTI_GenerateSWI), (32 bytes).
    Removing stm32f0xx_hal_exti.o(.ARM.exidx.text.HAL_EXTI_GenerateSWI), (8 bytes).
    Removing system_stm32f0xx.o(.text), (0 bytes).
    Removing system_stm32f0xx.o(.ARM.exidx.text.SystemInit), (8 bytes).
    Removing system_stm32f0xx.o(.text.SystemCoreClockUpdate), (208 bytes).
    Removing system_stm32f0xx.o(.ARM.exidx.text.SystemCoreClockUpdate), (8 bytes).

623 unused section(s) (total 45751 bytes) removed from the image.

==============================================================================

Image Symbol Table

    Local Symbols

    Symbol Name                              Value     Ov Type        Size  Object(Section)

    ../clib/angel/boardlib.s                 0x00000000   Number         0  boardinit1.o ABSOLUTE
    ../clib/angel/boardlib.s                 0x00000000   Number         0  boardinit2.o ABSOLUTE
    ../clib/angel/boardlib.s                 0x00000000   Number         0  boardinit3.o ABSOLUTE
    ../clib/angel/boardlib.s                 0x00000000   Number         0  boardshut.o ABSOLUTE
    ../clib/angel/handlers.s                 0x00000000   Number         0  __scatter_copy.o ABSOLUTE
    ../clib/angel/handlers.s                 0x00000000   Number         0  __scatter_zi.o ABSOLUTE
    ../clib/angel/kernel.s                   0x00000000   Number         0  __rtentry.o ABSOLUTE
    ../clib/angel/kernel.s                   0x00000000   Number         0  __rtentry2.o ABSOLUTE
    ../clib/angel/kernel.s                   0x00000000   Number         0  __rtentry4.o ABSOLUTE
    ../clib/angel/kernel.s                   0x00000000   Number         0  rtexit.o ABSOLUTE
    ../clib/angel/kernel.s                   0x00000000   Number         0  rtexit2.o ABSOLUTE
    ../clib/angel/rt.s                       0x00000000   Number         0  aeabi_idiv0.o ABSOLUTE
    ../clib/angel/rt.s                       0x00000000   Number         0  aeabi_idiv0_sigfpe.o ABSOLUTE
    ../clib/angel/rt.s                       0x00000000   Number         0  aeabi_ldiv0.o ABSOLUTE
    ../clib/angel/rt.s                       0x00000000   Number         0  aeabi_ldiv0_sigfpe.o ABSOLUTE
    ../clib/angel/rt.s                       0x00000000   Number         0  rt_heap_descriptor.o ABSOLUTE
    ../clib/angel/rt.s                       0x00000000   Number         0  rt_heap_descriptor_intlibspace.o ABSOLUTE
    ../clib/angel/rt.s                       0x00000000   Number         0  rt_div0.o ABSOLUTE
    ../clib/angel/rt.s                       0x00000000   Number         0  rt_raise.o ABSOLUTE
    ../clib/angel/scatterp.s                 0x00000000   Number         0  __scatter.o ABSOLUTE
    ../clib/angel/startup.s                  0x00000000   Number         0  __main.o ABSOLUTE
    ../clib/angel/sys.s                      0x00000000   Number         0  mutex_dummy.o ABSOLUTE
    ../clib/angel/sys.s                      0x00000000   Number         0  libspace.o ABSOLUTE
    ../clib/angel/sys.s                      0x00000000   Number         0  use_no_semi.o ABSOLUTE
    ../clib/angel/sys.s                      0x00000000   Number         0  indicate_semi.o ABSOLUTE
    ../clib/angel/sys.s                      0x00000000   Number         0  sys_stackheap_outer.o ABSOLUTE
    ../clib/angel/sys.s                      0x00000000   Number         0  tempstk.o ABSOLUTE
    ../clib/angel/sysapp.c                   0x00000000   Number         0  sys_command.o ABSOLUTE
    ../clib/angel/sysapp.c                   0x00000000   Number         0  sys_command_hlt.o ABSOLUTE
    ../clib/angel/sysapp.c                   0x00000000   Number         0  sys_exit.o ABSOLUTE
    ../clib/angel/sysapp.c                   0x00000000   Number         0  sys_exit_hlt.o ABSOLUTE
    ../clib/angel/sysapp.c                   0x00000000   Number         0  sys_wrch.o ABSOLUTE
    ../clib/angel/sysapp.c                   0x00000000   Number         0  sys_wrch_hlt.o ABSOLUTE
    ../clib/armsys.c                         0x00000000   Number         0  _get_argv.o ABSOLUTE
    ../clib/armsys.c                         0x00000000   Number         0  argv_veneer.o ABSOLUTE
    ../clib/armsys.c                         0x00000000   Number         0  _get_argv_nomalloc.o ABSOLUTE
    ../clib/armsys.c                         0x00000000   Number         0  no_argv.o ABSOLUTE
    ../clib/division.c                       0x00000000   Number         0  lludiv.o ABSOLUTE
    ../clib/division.s                       0x00000000   Number         0  aeabi_sdiv.o ABSOLUTE
    ../clib/division.s                       0x00000000   Number         0  aeabi_sdiv_div0.o ABSOLUTE
    ../clib/heap1.c                          0x00000000   Number         0  h1_alloc.o ABSOLUTE
    ../clib/heap1.c                          0x00000000   Number         0  h1_free.o ABSOLUTE
    ../clib/heap1.c                          0x00000000   Number         0  h1_alloc_threads.o ABSOLUTE
    ../clib/heap1.c                          0x00000000   Number         0  h1_free_threads.o ABSOLUTE
    ../clib/heap1.c                          0x00000000   Number         0  h1_init.o ABSOLUTE
    ../clib/heap1.c                          0x00000000   Number         0  h1_init_threads.o ABSOLUTE
    ../clib/heap1.c                          0x00000000   Number         0  h1_extend.o ABSOLUTE
    ../clib/heap1.c                          0x00000000   Number         0  h1_extend_threads.o ABSOLUTE
    ../clib/heap1.c                          0x00000000   Number         0  h1_final.o ABSOLUTE
    ../clib/heap1.c                          0x00000000   Number         0  h1_final_threads.o ABSOLUTE
    ../clib/heap2.c                          0x00000000   Number         0  heap2.o ABSOLUTE
    ../clib/heap2.c                          0x00000000   Number         0  heap2_threads.o ABSOLUTE
    ../clib/heap2.c                          0x00000000   Number         0  fdtree.o ABSOLUTE
    ../clib/heapalloc.c                      0x00000000   Number         0  malloc.o ABSOLUTE
    ../clib/heapalloc.c                      0x00000000   Number         0  free.o ABSOLUTE
    ../clib/heapalloc.c                      0x00000000   Number         0  hguard.o ABSOLUTE
    ../clib/heapalloc.c                      0x00000000   Number         0  init_alloc.o ABSOLUTE
    ../clib/heapalloc.c                      0x00000000   Number         0  heapstubs.o ABSOLUTE
    ../clib/heapalloc.c                      0x00000000   Number         0  hrguard.o ABSOLUTE
    ../clib/heapalloc.c                      0x00000000   Number         0  term_alloc.o ABSOLUTE
    ../clib/heapaux.c                        0x00000000   Number         0  heapauxi.o ABSOLUTE
    ../clib/heapaux.c                        0x00000000   Number         0  heapauxa.o ABSOLUTE
    ../clib/libinit.s                        0x00000000   Number         0  libinit2.o ABSOLUTE
    ../clib/libinit.s                        0x00000000   Number         0  libinit.o ABSOLUTE
    ../clib/libinit.s                        0x00000000   Number         0  libshutdown2.o ABSOLUTE
    ../clib/libinit.s                        0x00000000   Number         0  libshutdown.o ABSOLUTE
    ../clib/longlong.c                       0x00000000   Number         0  llushr.o ABSOLUTE
    ../clib/longlong.c                       0x00000000   Number         0  llmul.o ABSOLUTE
    ../clib/maybe.s                          0x00000000   Number         0  maybetermalloc1.o ABSOLUTE
    ../clib/maybe.s                          0x00000000   Number         0  maybetermalloc2.o ABSOLUTE
    ../clib/memcpset.c                       0x00000000   Number         0  rt_memclr.o ABSOLUTE
    ../clib/memcpset.c                       0x00000000   Number         0  rt_memcpy.o ABSOLUTE
    ../clib/memcpset.c                       0x00000000   Number         0  rt_memcpy.o ABSOLUTE
    ../clib/signal.c                         0x00000000   Number         0  defsig_rtmem_outer.o ABSOLUTE
    ../clib/signal.c                         0x00000000   Number         0  defsig_rtmem_formal.o ABSOLUTE
    ../clib/signal.c                         0x00000000   Number         0  defsig_exit.o ABSOLUTE
    ../clib/signal.c                         0x00000000   Number         0  defsig_fpe_outer.o ABSOLUTE
    ../clib/signal.c                         0x00000000   Number         0  defsig_fpe_formal.o ABSOLUTE
    ../clib/signal.c                         0x00000000   Number         0  defsig_rtmem_inner.o ABSOLUTE
    ../clib/signal.c                         0x00000000   Number         0  __raise.o ABSOLUTE
    ../clib/signal.c                         0x00000000   Number         0  defsig_general.o ABSOLUTE
    ../clib/signal.c                         0x00000000   Number         0  defsig_fpe_inner.o ABSOLUTE
    ../clib/signal.c                         0x00000000   Number         0  defsig_abrt_inner.o ABSOLUTE
    ../clib/signal.c                         0x00000000   Number         0  defsig_rtred_inner.o ABSOLUTE
    ../clib/signal.c                         0x00000000   Number         0  defsig_stak_inner.o ABSOLUTE
    ../clib/signal.c                         0x00000000   Number         0  defsig_pvfn_inner.o ABSOLUTE
    ../clib/signal.c                         0x00000000   Number         0  defsig_cppl_inner.o ABSOLUTE
    ../clib/signal.c                         0x00000000   Number         0  defsig_segv_inner.o ABSOLUTE
    ../clib/signal.c                         0x00000000   Number         0  defsig_other.o ABSOLUTE
    ../clib/signal.s                         0x00000000   Number         0  defsig.o ABSOLUTE
    ../clib/stdlib.c                         0x00000000   Number         0  exit.o ABSOLUTE
    ../clib/string.c                         0x00000000   Number         0  strcmp.o ABSOLUTE
    ../fplib/cfplib/fpinit.c                 0x00000000   Number         0  fpinit.o ABSOLUTE
    dc.s                                     0x00000000   Number         0  dc.o ABSOLUTE
    main.c                                   0x00000000   Number         0  main.o ABSOLUTE
    ringbuffer.c                             0x00000000   Number         0  ringbuffer.o ABSOLUTE
    startup_stm32f051x8.s                    0x00000000   Number         0  startup_stm32f051x8.o ABSOLUTE
    stm32f0xx_hal.c                          0x00000000   Number         0  stm32f0xx_hal.o ABSOLUTE
    stm32f0xx_hal_cortex.c                   0x00000000   Number         0  stm32f0xx_hal_cortex.o ABSOLUTE
    stm32f0xx_hal_dma.c                      0x00000000   Number         0  stm32f0xx_hal_dma.o ABSOLUTE
    stm32f0xx_hal_exti.c                     0x00000000   Number         0  stm32f0xx_hal_exti.o ABSOLUTE
    stm32f0xx_hal_flash.c                    0x00000000   Number         0  stm32f0xx_hal_flash.o ABSOLUTE
    stm32f0xx_hal_flash_ex.c                 0x00000000   Number         0  stm32f0xx_hal_flash_ex.o ABSOLUTE
    stm32f0xx_hal_gpio.c                     0x00000000   Number         0  stm32f0xx_hal_gpio.o ABSOLUTE
    stm32f0xx_hal_i2c.c                      0x00000000   Number         0  stm32f0xx_hal_i2c.o ABSOLUTE
    stm32f0xx_hal_i2c_ex.c                   0x00000000   Number         0  stm32f0xx_hal_i2c_ex.o ABSOLUTE
    stm32f0xx_hal_msp.c                      0x00000000   Number         0  stm32f0xx_hal_msp.o ABSOLUTE
    stm32f0xx_hal_pwr.c                      0x00000000   Number         0  stm32f0xx_hal_pwr.o ABSOLUTE
    stm32f0xx_hal_pwr_ex.c                   0x00000000   Number         0  stm32f0xx_hal_pwr_ex.o ABSOLUTE
    stm32f0xx_hal_rcc.c                      0x00000000   Number         0  stm32f0xx_hal_rcc.o ABSOLUTE
    stm32f0xx_hal_rcc_ex.c                   0x00000000   Number         0  stm32f0xx_hal_rcc_ex.o ABSOLUTE
    stm32f0xx_hal_tim.c                      0x00000000   Number         0  stm32f0xx_hal_tim.o ABSOLUTE
    stm32f0xx_hal_tim_ex.c                   0x00000000   Number         0  stm32f0xx_hal_tim_ex.o ABSOLUTE
    stm32f0xx_hal_uart.c                     0x00000000   Number         0  stm32f0xx_hal_uart.o ABSOLUTE
    stm32f0xx_hal_uart_ex.c                  0x00000000   Number         0  stm32f0xx_hal_uart_ex.o ABSOLUTE
    stm32f0xx_it.c                           0x00000000   Number         0  stm32f0xx_it.o ABSOLUTE
    system_stm32f0xx.c                       0x00000000   Number         0  system_stm32f0xx.o ABSOLUTE
    RESET                                    0x08000000   Section      188  startup_stm32f051x8.o(RESET)
    !!!main                                  0x080000bc   Section        8  __main.o(!!!main)
    !!!scatter                               0x080000c4   Section       60  __scatter.o(!!!scatter)
    !!handler_copy                           0x08000100   Section       26  __scatter_copy.o(!!handler_copy)
    !!handler_zi                             0x0800011c   Section       28  __scatter_zi.o(!!handler_zi)
    .ARM.Collect$$libinit$$00000000          0x08000138   Section        2  libinit.o(.ARM.Collect$$libinit$$00000000)
    .ARM.Collect$$libinit$$00000002          0x0800013a   Section        0  libinit2.o(.ARM.Collect$$libinit$$00000002)
    .ARM.Collect$$libinit$$00000004          0x0800013a   Section        0  libinit2.o(.ARM.Collect$$libinit$$00000004)
    .ARM.Collect$$libinit$$00000006          0x0800013a   Section        0  libinit2.o(.ARM.Collect$$libinit$$00000006)
    .ARM.Collect$$libinit$$00000007          0x0800013a   Section        8  libinit2.o(.ARM.Collect$$libinit$$00000007)
    .ARM.Collect$$libinit$$0000000C          0x08000142   Section        0  libinit2.o(.ARM.Collect$$libinit$$0000000C)
    .ARM.Collect$$libinit$$0000000E          0x08000142   Section        0  libinit2.o(.ARM.Collect$$libinit$$0000000E)
    .ARM.Collect$$libinit$$00000010          0x08000142   Section        0  libinit2.o(.ARM.Collect$$libinit$$00000010)
    .ARM.Collect$$libinit$$00000013          0x08000142   Section        0  libinit2.o(.ARM.Collect$$libinit$$00000013)
    .ARM.Collect$$libinit$$00000015          0x08000142   Section        0  libinit2.o(.ARM.Collect$$libinit$$00000015)
    .ARM.Collect$$libinit$$00000017          0x08000142   Section        0  libinit2.o(.ARM.Collect$$libinit$$00000017)
    .ARM.Collect$$libinit$$00000019          0x08000142   Section        0  libinit2.o(.ARM.Collect$$libinit$$00000019)
    .ARM.Collect$$libinit$$0000001B          0x08000142   Section        0  libinit2.o(.ARM.Collect$$libinit$$0000001B)
    .ARM.Collect$$libinit$$0000001D          0x08000142   Section        0  libinit2.o(.ARM.Collect$$libinit$$0000001D)
    .ARM.Collect$$libinit$$0000001F          0x08000142   Section        0  libinit2.o(.ARM.Collect$$libinit$$0000001F)
    .ARM.Collect$$libinit$$00000021          0x08000142   Section        0  libinit2.o(.ARM.Collect$$libinit$$00000021)
    .ARM.Collect$$libinit$$00000023          0x08000142   Section        0  libinit2.o(.ARM.Collect$$libinit$$00000023)
    .ARM.Collect$$libinit$$00000025          0x08000142   Section        0  libinit2.o(.ARM.Collect$$libinit$$00000025)
    .ARM.Collect$$libinit$$00000027          0x08000142   Section        0  libinit2.o(.ARM.Collect$$libinit$$00000027)
    .ARM.Collect$$libinit$$0000002E          0x08000142   Section        0  libinit2.o(.ARM.Collect$$libinit$$0000002E)
    .ARM.Collect$$libinit$$00000030          0x08000142   Section        0  libinit2.o(.ARM.Collect$$libinit$$00000030)
    .ARM.Collect$$libinit$$00000032          0x08000142   Section        0  libinit2.o(.ARM.Collect$$libinit$$00000032)
    .ARM.Collect$$libinit$$00000034          0x08000142   Section        0  libinit2.o(.ARM.Collect$$libinit$$00000034)
    .ARM.Collect$$libinit$$00000035          0x08000142   Section        2  libinit2.o(.ARM.Collect$$libinit$$00000035)
    .ARM.Collect$$libshutdown$$00000000      0x08000144   Section        2  libshutdown.o(.ARM.Collect$$libshutdown$$00000000)
    .ARM.Collect$$libshutdown$$00000002      0x08000146   Section        0  libshutdown2.o(.ARM.Collect$$libshutdown$$00000002)
    .ARM.Collect$$libshutdown$$00000004      0x08000146   Section        0  libshutdown2.o(.ARM.Collect$$libshutdown$$00000004)
    .ARM.Collect$$libshutdown$$00000007      0x08000146   Section        0  libshutdown2.o(.ARM.Collect$$libshutdown$$00000007)
    .ARM.Collect$$libshutdown$$0000000A      0x08000146   Section        0  libshutdown2.o(.ARM.Collect$$libshutdown$$0000000A)
    .ARM.Collect$$libshutdown$$0000000C      0x08000146   Section        0  libshutdown2.o(.ARM.Collect$$libshutdown$$0000000C)
    .ARM.Collect$$libshutdown$$0000000F      0x08000146   Section        0  libshutdown2.o(.ARM.Collect$$libshutdown$$0000000F)
    .ARM.Collect$$libshutdown$$00000010      0x08000146   Section        2  libshutdown2.o(.ARM.Collect$$libshutdown$$00000010)
    .ARM.Collect$$rtentry$$00000000          0x08000148   Section        0  __rtentry.o(.ARM.Collect$$rtentry$$00000000)
    .ARM.Collect$$rtentry$$00000002          0x08000148   Section        0  __rtentry2.o(.ARM.Collect$$rtentry$$00000002)
    .ARM.Collect$$rtentry$$00000004          0x08000148   Section        6  __rtentry4.o(.ARM.Collect$$rtentry$$00000004)
    .ARM.Collect$$rtentry$$00000009          0x0800014e   Section        0  __rtentry2.o(.ARM.Collect$$rtentry$$00000009)
    .ARM.Collect$$rtentry$$0000000A          0x0800014e   Section        4  __rtentry2.o(.ARM.Collect$$rtentry$$0000000A)
    .ARM.Collect$$rtentry$$0000000C          0x08000152   Section        0  __rtentry2.o(.ARM.Collect$$rtentry$$0000000C)
    .ARM.Collect$$rtentry$$0000000D          0x08000152   Section        8  __rtentry2.o(.ARM.Collect$$rtentry$$0000000D)
    .ARM.Collect$$rtexit$$00000000           0x0800015a   Section        2  rtexit.o(.ARM.Collect$$rtexit$$00000000)
    .ARM.Collect$$rtexit$$00000002           0x0800015c   Section        0  rtexit2.o(.ARM.Collect$$rtexit$$00000002)
    .ARM.Collect$$rtexit$$00000003           0x0800015c   Section        4  rtexit2.o(.ARM.Collect$$rtexit$$00000003)
    .ARM.Collect$$rtexit$$00000004           0x08000160   Section        6  rtexit2.o(.ARM.Collect$$rtexit$$00000004)
    .text                                    0x08000168   Section       56  startup_stm32f051x8.o(.text)
    .text                                    0x080001a0   Section        0  h1_alloc.o(.text)
    .text                                    0x08000202   Section        0  h1_free.o(.text)
    .text                                    0x0800024e   Section        0  llmul.o(.text)
    .text                                    0x0800027e   Section        0  lludiv.o(.text)
    .text                                    0x0800038e   Section        0  rt_memclr.o(.text)
    .text                                    0x080003d0   Section        0  strcmp.o(.text)
    .text                                    0x08000458   Section      364  aeabi_sdiv.o(.text)
    .text                                    0x080005c4   Section        0  heapauxi.o(.text)
    .text                                    0x080005cc   Section        8  rt_heap_descriptor_intlibspace.o(.text)
    .text                                    0x080005d4   Section        0  hguard.o(.text)
    .text                                    0x080005d8   Section        0  init_alloc.o(.text)
    .text                                    0x08000660   Section        0  h1_init.o(.text)
    .text                                    0x08000670   Section        8  libspace.o(.text)
    .text                                    0x08000678   Section        0  maybetermalloc1.o(.text)
    .text                                    0x08000678   Section        0  h1_extend.o(.text)
    .text                                    0x080006ac   Section        0  defsig_rtmem_outer.o(.text)
    .text                                    0x080006b8   Section        2  use_no_semi.o(.text)
    .text                                    0x080006ba   Section        0  indicate_semi.o(.text)
    .text                                    0x080006ba   Section       62  sys_stackheap_outer.o(.text)
    .text                                    0x080006f8   Section        0  exit.o(.text)
    .text                                    0x08000708   Section        0  defsig_exit.o(.text)
    .text                                    0x08000714   Section        0  defsig_rtmem_inner.o(.text)
    .text                                    0x08000764   Section        0  sys_exit.o(.text)
    .text                                    0x08000770   Section        0  defsig_general.o(.text)
    .text                                    0x080007a4   Section        0  sys_wrch.o(.text)
    [Anonymous Symbol]                       0x080007b0   Section        0  main.o(.text.Error_Handler)
    [Anonymous Symbol]                       0x080007be   Section        0  stm32f0xx_hal_dma.o(.text.HAL_DMA_Abort)
    [Anonymous Symbol]                       0x08000830   Section        0  stm32f0xx_hal_dma.o(.text.HAL_DMA_Abort_IT)
    [Anonymous Symbol]                       0x080008a8   Section        0  stm32f0xx_hal_gpio.o(.text.HAL_GPIO_Init)
    __arm_cp.0_1                             0x08000b6c   Number         4  stm32f0xx_hal_gpio.o(.text.HAL_GPIO_Init)
    __arm_cp.0_2                             0x08000b70   Number         4  stm32f0xx_hal_gpio.o(.text.HAL_GPIO_Init)
    __arm_cp.0_3                             0x08000b74   Number         4  stm32f0xx_hal_gpio.o(.text.HAL_GPIO_Init)
    __arm_cp.0_4                             0x08000b78   Number         4  stm32f0xx_hal_gpio.o(.text.HAL_GPIO_Init)
    __arm_cp.0_5                             0x08000b7c   Number         4  stm32f0xx_hal_gpio.o(.text.HAL_GPIO_Init)
    __arm_cp.0_6                             0x08000b80   Number         4  stm32f0xx_hal_gpio.o(.text.HAL_GPIO_Init)
    __arm_cp.0_7                             0x08000b84   Number         4  stm32f0xx_hal_gpio.o(.text.HAL_GPIO_Init)
    __arm_cp.0_8                             0x08000b88   Number         4  stm32f0xx_hal_gpio.o(.text.HAL_GPIO_Init)
    [Anonymous Symbol]                       0x08000b8c   Section        0  stm32f0xx_hal_gpio.o(.text.HAL_GPIO_WritePin)
    [Anonymous Symbol]                       0x08000bb8   Section        0  stm32f0xx_hal.o(.text.HAL_GetTick)
    [Anonymous Symbol]                       0x08000bc0   Section        0  stm32f0xx_hal.o(.text.HAL_IncTick)
    __arm_cp.5_1                             0x08000bd0   Number         4  stm32f0xx_hal.o(.text.HAL_IncTick)
    [Anonymous Symbol]                       0x08000bd4   Section        0  stm32f0xx_hal.o(.text.HAL_Init)
    __arm_cp.0_0                             0x08000bf0   Number         4  stm32f0xx_hal.o(.text.HAL_Init)
    [Anonymous Symbol]                       0x08000bf4   Section        0  stm32f0xx_hal.o(.text.HAL_InitTick)
    __arm_cp.1_0                             0x08000c58   Number         4  stm32f0xx_hal.o(.text.HAL_InitTick)
    __arm_cp.1_1                             0x08000c5c   Number         4  stm32f0xx_hal.o(.text.HAL_InitTick)
    __arm_cp.1_2                             0x08000c60   Number         4  stm32f0xx_hal.o(.text.HAL_InitTick)
    [Anonymous Symbol]                       0x08000c64   Section        0  stm32f0xx_hal_msp.o(.text.HAL_MspInit)
    __arm_cp.0_0                             0x08000c98   Number         4  stm32f0xx_hal_msp.o(.text.HAL_MspInit)
    [Anonymous Symbol]                       0x08000c9c   Section        0  stm32f0xx_hal_cortex.o(.text.HAL_NVIC_EnableIRQ)
    [Anonymous Symbol]                       0x08000cb2   Section        0  stm32f0xx_hal_cortex.o(.text.HAL_NVIC_SetPriority)
    [Anonymous Symbol]                       0x08000cd0   Section        0  stm32f0xx_hal_rcc_ex.o(.text.HAL_RCCEx_PeriphCLKConfig)
    __arm_cp.0_0                             0x08000e7c   Number         4  stm32f0xx_hal_rcc_ex.o(.text.HAL_RCCEx_PeriphCLKConfig)
    __arm_cp.0_1                             0x08000e80   Number         4  stm32f0xx_hal_rcc_ex.o(.text.HAL_RCCEx_PeriphCLKConfig)
    __arm_cp.0_2                             0x08000e84   Number         4  stm32f0xx_hal_rcc_ex.o(.text.HAL_RCCEx_PeriphCLKConfig)
    __arm_cp.0_3                             0x08000e88   Number         4  stm32f0xx_hal_rcc_ex.o(.text.HAL_RCCEx_PeriphCLKConfig)
    [Anonymous Symbol]                       0x08000e8c   Section        0  stm32f0xx_hal_rcc.o(.text.HAL_RCC_ClockConfig)
    __arm_cp.2_0                             0x0800103c   Number         4  stm32f0xx_hal_rcc.o(.text.HAL_RCC_ClockConfig)
    __arm_cp.2_2                             0x08001040   Number         4  stm32f0xx_hal_rcc.o(.text.HAL_RCC_ClockConfig)
    __arm_cp.2_3                             0x08001044   Number         4  stm32f0xx_hal_rcc.o(.text.HAL_RCC_ClockConfig)
    __arm_cp.2_5                             0x08001048   Number         4  stm32f0xx_hal_rcc.o(.text.HAL_RCC_ClockConfig)
    [Anonymous Symbol]                       0x0800104c   Section        0  stm32f0xx_hal_rcc.o(.text.HAL_RCC_GetHCLKFreq)
    __arm_cp.7_0                             0x08001054   Number         4  stm32f0xx_hal_rcc.o(.text.HAL_RCC_GetHCLKFreq)
    [Anonymous Symbol]                       0x08001058   Section        0  stm32f0xx_hal_rcc.o(.text.HAL_RCC_GetPCLK1Freq)
    __arm_cp.8_1                             0x08001074   Number         4  stm32f0xx_hal_rcc.o(.text.HAL_RCC_GetPCLK1Freq)
    [Anonymous Symbol]                       0x08001078   Section        0  stm32f0xx_hal_rcc.o(.text.HAL_RCC_GetSysClockFreq)
    __arm_cp.3_0                             0x08001110   Number         4  stm32f0xx_hal_rcc.o(.text.HAL_RCC_GetSysClockFreq)
    __arm_cp.3_1                             0x08001114   Number         4  stm32f0xx_hal_rcc.o(.text.HAL_RCC_GetSysClockFreq)
    __arm_cp.3_2                             0x08001118   Number         4  stm32f0xx_hal_rcc.o(.text.HAL_RCC_GetSysClockFreq)
    __arm_cp.3_3                             0x0800111c   Number         4  stm32f0xx_hal_rcc.o(.text.HAL_RCC_GetSysClockFreq)
    __arm_cp.3_4                             0x08001120   Number         4  stm32f0xx_hal_rcc.o(.text.HAL_RCC_GetSysClockFreq)
    __arm_cp.3_5                             0x08001124   Number         4  stm32f0xx_hal_rcc.o(.text.HAL_RCC_GetSysClockFreq)
    [Anonymous Symbol]                       0x08001128   Section        0  stm32f0xx_hal_rcc.o(.text.HAL_RCC_OscConfig)
    __arm_cp.1_0                             0x080017b4   Number         4  stm32f0xx_hal_rcc.o(.text.HAL_RCC_OscConfig)
    __arm_cp.1_1                             0x080017b8   Number         4  stm32f0xx_hal_rcc.o(.text.HAL_RCC_OscConfig)
    __arm_cp.1_2                             0x080017bc   Number         4  stm32f0xx_hal_rcc.o(.text.HAL_RCC_OscConfig)
    __arm_cp.1_3                             0x080017c0   Number         4  stm32f0xx_hal_rcc.o(.text.HAL_RCC_OscConfig)
    __arm_cp.1_4                             0x080017c4   Number         4  stm32f0xx_hal_rcc.o(.text.HAL_RCC_OscConfig)
    __arm_cp.1_5                             0x080017c8   Number         4  stm32f0xx_hal_rcc.o(.text.HAL_RCC_OscConfig)
    __arm_cp.1_6                             0x080017cc   Number         4  stm32f0xx_hal_rcc.o(.text.HAL_RCC_OscConfig)
    __arm_cp.1_7                             0x080017d0   Number         4  stm32f0xx_hal_rcc.o(.text.HAL_RCC_OscConfig)
    __arm_cp.1_8                             0x080017d4   Number         4  stm32f0xx_hal_rcc.o(.text.HAL_RCC_OscConfig)
    [Anonymous Symbol]                       0x080017d8   Section        0  stm32f0xx_hal_cortex.o(.text.HAL_SYSTICK_Config)
    [Anonymous Symbol]                       0x080017e8   Section        0  stm32f0xx_hal_uart.o(.text.HAL_UARTEx_RxEventCallback)
    [Anonymous Symbol]                       0x080017f4   Section        0  stm32f0xx_hal_uart_ex.o(.text.HAL_UARTEx_WakeupCallback)
    [Anonymous Symbol]                       0x080017fc   Section        0  stm32f0xx_hal_uart.o(.text.HAL_UART_ErrorCallback)
    [Anonymous Symbol]                       0x08001804   Section        0  stm32f0xx_hal_uart.o(.text.HAL_UART_IRQHandler)
    __arm_cp.42_3                            0x08001be0   Number         4  stm32f0xx_hal_uart.o(.text.HAL_UART_IRQHandler)
    __arm_cp.42_4                            0x08001be4   Number         4  stm32f0xx_hal_uart.o(.text.HAL_UART_IRQHandler)
    __arm_cp.42_2                            0x08001d14   Number         4  stm32f0xx_hal_uart.o(.text.HAL_UART_IRQHandler)
    [Anonymous Symbol]                       0x08001d18   Section        0  stm32f0xx_hal_uart.o(.text.HAL_UART_Init)
    [Anonymous Symbol]                       0x08001dc8   Section        0  stm32f0xx_hal_msp.o(.text.HAL_UART_MspInit)
    __arm_cp.1_1                             0x08001e50   Number         4  stm32f0xx_hal_msp.o(.text.HAL_UART_MspInit)
    [Anonymous Symbol]                       0x08001e54   Section        0  stm32f0xx_hal_uart.o(.text.HAL_UART_Receive_IT)
    [Anonymous Symbol]                       0x08001f1c   Section        0  main.o(.text.HAL_UART_RxCpltCallback)
    __arm_cp.0_0                             0x08001f3c   Number         4  main.o(.text.HAL_UART_RxCpltCallback)
    __arm_cp.0_1                             0x08001f40   Number         4  main.o(.text.HAL_UART_RxCpltCallback)
    [Anonymous Symbol]                       0x08001f44   Section        0  stm32f0xx_hal_uart.o(.text.HAL_UART_TxCpltCallback)
    [Anonymous Symbol]                       0x08001f4c   Section        0  stm32f0xx_it.o(.text.HardFault_Handler)
    MX_GPIO_Init                             0x08001f51   Thumb Code   112  main.o(.text.MX_GPIO_Init)
    [Anonymous Symbol]                       0x08001f50   Section        0  main.o(.text.MX_GPIO_Init)
    __arm_cp.4_0                             0x08001fc0   Number         4  main.o(.text.MX_GPIO_Init)
    __arm_cp.4_1                             0x08001fc4   Number         4  main.o(.text.MX_GPIO_Init)
    MX_USART1_UART_Init                      0x08001fc9   Thumb Code    60  main.o(.text.MX_USART1_UART_Init)
    [Anonymous Symbol]                       0x08001fc8   Section        0  main.o(.text.MX_USART1_UART_Init)
    __arm_cp.5_0                             0x08002004   Number         4  main.o(.text.MX_USART1_UART_Init)
    __arm_cp.5_1                             0x08002008   Number         4  main.o(.text.MX_USART1_UART_Init)
    [Anonymous Symbol]                       0x0800200c   Section        0  stm32f0xx_it.o(.text.NMI_Handler)
    [Anonymous Symbol]                       0x08002010   Section        0  stm32f0xx_it.o(.text.PendSV_Handler)
    [Anonymous Symbol]                       0x08002012   Section        0  stm32f0xx_it.o(.text.SVC_Handler)
    SysTick_Config                           0x08002015   Thumb Code    68  stm32f0xx_hal_cortex.o(.text.SysTick_Config)
    [Anonymous Symbol]                       0x08002014   Section        0  stm32f0xx_hal_cortex.o(.text.SysTick_Config)
    __arm_cp.9_0                             0x08002058   Number         4  stm32f0xx_hal_cortex.o(.text.SysTick_Config)
    __arm_cp.9_1                             0x0800205c   Number         4  stm32f0xx_hal_cortex.o(.text.SysTick_Config)
    __arm_cp.9_2                             0x08002060   Number         4  stm32f0xx_hal_cortex.o(.text.SysTick_Config)
    [Anonymous Symbol]                       0x08002064   Section        0  stm32f0xx_it.o(.text.SysTick_Handler)
    [Anonymous Symbol]                       0x0800206c   Section        0  main.o(.text.SystemClock_Config)
    [Anonymous Symbol]                       0x080020fa   Section        0  system_stm32f0xx.o(.text.SystemInit)
    [Anonymous Symbol]                       0x080020fc   Section        0  stm32f0xx_hal_uart.o(.text.UART_AdvFeatureConfig)
    [Anonymous Symbol]                       0x08002258   Section        0  stm32f0xx_hal_uart.o(.text.UART_CheckIdleState)
    __arm_cp.4_0                             0x080023b0   Number         4  stm32f0xx_hal_uart.o(.text.UART_CheckIdleState)
    UART_DMAAbortOnError                     0x080023b5   Thumb Code    36  stm32f0xx_hal_uart.o(.text.UART_DMAAbortOnError)
    [Anonymous Symbol]                       0x080023b4   Section        0  stm32f0xx_hal_uart.o(.text.UART_DMAAbortOnError)
    UART_EndRxTransfer                       0x080023d9   Thumb Code   176  stm32f0xx_hal_uart.o(.text.UART_EndRxTransfer)
    [Anonymous Symbol]                       0x080023d8   Section        0  stm32f0xx_hal_uart.o(.text.UART_EndRxTransfer)
    UART_EndTransmit_IT                      0x08002489   Thumb Code    74  stm32f0xx_hal_uart.o(.text.UART_EndTransmit_IT)
    [Anonymous Symbol]                       0x08002488   Section        0  stm32f0xx_hal_uart.o(.text.UART_EndTransmit_IT)
    UART_RxISR_16BIT                         0x080024d3   Thumb Code   386  stm32f0xx_hal_uart.o(.text.UART_RxISR_16BIT)
    [Anonymous Symbol]                       0x080024d2   Section        0  stm32f0xx_hal_uart.o(.text.UART_RxISR_16BIT)
    UART_RxISR_8BIT                          0x08002655   Thumb Code   382  stm32f0xx_hal_uart.o(.text.UART_RxISR_8BIT)
    [Anonymous Symbol]                       0x08002654   Section        0  stm32f0xx_hal_uart.o(.text.UART_RxISR_8BIT)
    [Anonymous Symbol]                       0x080027d4   Section        0  stm32f0xx_hal_uart.o(.text.UART_SetConfig)
    __arm_cp.2_0                             0x08002a44   Number         4  stm32f0xx_hal_uart.o(.text.UART_SetConfig)
    __arm_cp.2_1                             0x08002a48   Number         4  stm32f0xx_hal_uart.o(.text.UART_SetConfig)
    __arm_cp.2_2                             0x08002a4c   Number         4  stm32f0xx_hal_uart.o(.text.UART_SetConfig)
    __arm_cp.2_3                             0x08002a50   Number         4  stm32f0xx_hal_uart.o(.text.UART_SetConfig)
    __arm_cp.2_4                             0x08002a54   Number         4  stm32f0xx_hal_uart.o(.text.UART_SetConfig)
    [Anonymous Symbol]                       0x08002a58   Section        0  stm32f0xx_hal_uart.o(.text.UART_Start_Receive_IT)
    __arm_cp.17_0                            0x08002bbc   Number         4  stm32f0xx_hal_uart.o(.text.UART_Start_Receive_IT)
    __arm_cp.17_1                            0x08002bc0   Number         4  stm32f0xx_hal_uart.o(.text.UART_Start_Receive_IT)
    __arm_cp.17_2                            0x08002bc4   Number         4  stm32f0xx_hal_uart.o(.text.UART_Start_Receive_IT)
    [Anonymous Symbol]                       0x08002bc8   Section        0  stm32f0xx_hal_uart.o(.text.UART_WaitOnFlagUntilTimeout)
    [Anonymous Symbol]                       0x08002cc0   Section        0  stm32f0xx_it.o(.text.USART1_IRQHandler)
    __NVIC_EnableIRQ                         0x08002ccd   Thumb Code    40  stm32f0xx_hal_cortex.o(.text.__NVIC_EnableIRQ)
    [Anonymous Symbol]                       0x08002ccc   Section        0  stm32f0xx_hal_cortex.o(.text.__NVIC_EnableIRQ)
    __arm_cp.3_0                             0x08002cf4   Number         4  stm32f0xx_hal_cortex.o(.text.__NVIC_EnableIRQ)
    __NVIC_SetPriority                       0x08002cf9   Thumb Code   124  stm32f0xx_hal_cortex.o(.text.__NVIC_SetPriority)
    [Anonymous Symbol]                       0x08002cf8   Section        0  stm32f0xx_hal_cortex.o(.text.__NVIC_SetPriority)
    __arm_cp.1_0                             0x08002d74   Number         4  stm32f0xx_hal_cortex.o(.text.__NVIC_SetPriority)
    __arm_cp.1_1                             0x08002d78   Number         4  stm32f0xx_hal_cortex.o(.text.__NVIC_SetPriority)
    [Anonymous Symbol]                       0x08002d7c   Section        0  main.o(.text.buffer_check)
    __arm_cp.1_1                             0x08002e44   Number         4  main.o(.text.buffer_check)
    __arm_cp.1_2                             0x08002e48   Number         4  main.o(.text.buffer_check)
    __arm_cp.1_3                             0x08002e4c   Number         4  main.o(.text.buffer_check)
    __arm_cp.1_4                             0x08002e50   Number         4  main.o(.text.buffer_check)
    __arm_cp.1_5                             0x08002e54   Number         4  main.o(.text.buffer_check)
    __arm_cp.1_6                             0x08002e58   Number         4  main.o(.text.buffer_check)
    [Anonymous Symbol]                       0x08002e5c   Section        0  main.o(.text.main)
    __arm_cp.2_0                             0x08002e90   Number         4  main.o(.text.main)
    __arm_cp.2_1                             0x08002e94   Number         4  main.o(.text.main)
    __arm_cp.2_2                             0x08002e98   Number         4  main.o(.text.main)
    [Anonymous Symbol]                       0x08002e9c   Section        0  ringbuffer.o(.text.ring_buffer_get)
    [Anonymous Symbol]                       0x08002edc   Section        0  ringbuffer.o(.text.ring_buffer_init)
    [Anonymous Symbol]                       0x08002f02   Section        0  ringbuffer.o(.text.ring_buffer_is_empty)
    [Anonymous Symbol]                       0x08002f16   Section        0  ringbuffer.o(.text.ring_buffer_is_full)
    [Anonymous Symbol]                       0x08002f38   Section        0  ringbuffer.o(.text.ring_buffer_put)
    HAL_RCC_GetSysClockFreq.aPLLMULFactorTable 0x08002f88   Data          16  stm32f0xx_hal_rcc.o(.rodata.HAL_RCC_GetSysClockFreq.aPLLMULFactorTable)
    [Anonymous Symbol]                       0x08002f88   Section        0  stm32f0xx_hal_rcc.o(.rodata.HAL_RCC_GetSysClockFreq.aPLLMULFactorTable)
    HAL_RCC_GetSysClockFreq.aPredivFactorTable 0x08002f98   Data          16  stm32f0xx_hal_rcc.o(.rodata.HAL_RCC_GetSysClockFreq.aPredivFactorTable)
    [Anonymous Symbol]                       0x08002f98   Section        0  stm32f0xx_hal_rcc.o(.rodata.HAL_RCC_GetSysClockFreq.aPredivFactorTable)
    [Anonymous Symbol]                       0x08002fa8   Section        0  main.o(.rodata.str1.1)
    .bss                                     0x20000010   Section       96  libspace.o(.bss)
    buffer_check.i                           0x20000070   Data           1  main.o(.bss.buffer_check.i)
    [Anonymous Symbol]                       0x20000070   Section        0  main.o(.bss.buffer_check.i)
    Heap_Mem                                 0x20000128   Data         512  startup_stm32f051x8.o(HEAP)
    HEAP                                     0x20000128   Section      512  startup_stm32f051x8.o(HEAP)
    Stack_Mem                                0x20000328   Data        1024  startup_stm32f051x8.o(STACK)
    STACK                                    0x20000328   Section     1024  startup_stm32f051x8.o(STACK)
    __initial_sp                             0x20000728   Data           0  startup_stm32f051x8.o(STACK)

    Global Symbols

    Symbol Name                              Value     Ov Type        Size  Object(Section)

    BuildAttributes$$THM_ISAv3M$S$PE$A:L22$X:L11$S22$IEEE1$IW$~IW$USESV6$~STKCKD$USESV7$~SHL$OTIME$ROPI$EBA8$UX$STANDARDLIB$REQ8$PRES8$EABIv2 0x00000000   Number         0  anon$$obj.o ABSOLUTE
    __ARM_exceptions_init                     - Undefined Weak Reference
    __alloca_initialize                       - Undefined Weak Reference
    __arm_preinit_                            - Undefined Weak Reference
    __arm_relocate_pie_                       - Undefined Weak Reference
    __cpp_initialize__aeabi_                  - Undefined Weak Reference
    __cxa_finalize                            - Undefined Weak Reference
    __rt_locale                               - Undefined Weak Reference
    __sigvec_lookup                           - Undefined Weak Reference
    __user_heap_extent                        - Undefined Weak Reference
    _atexit_init                              - Undefined Weak Reference
    _call_atexit_fns                          - Undefined Weak Reference
    _clock_init                               - Undefined Weak Reference
    _fp_trap_init                             - Undefined Weak Reference
    _fp_trap_shutdown                         - Undefined Weak Reference
    _get_lc_collate                           - Undefined Weak Reference
    _get_lc_ctype                             - Undefined Weak Reference
    _get_lc_monetary                          - Undefined Weak Reference
    _get_lc_numeric                           - Undefined Weak Reference
    _get_lc_time                              - Undefined Weak Reference
    _getenv_init                              - Undefined Weak Reference
    _handle_redirection                       - Undefined Weak Reference
    _initio                                   - Undefined Weak Reference
    _mutex_acquire                            - Undefined Weak Reference
    _mutex_free                               - Undefined Weak Reference
    _mutex_release                            - Undefined Weak Reference
    _rand_init                                - Undefined Weak Reference
    _signal_finish                            - Undefined Weak Reference
    _signal_init                              - Undefined Weak Reference
    _terminateio                              - Undefined Weak Reference
    __Vectors_Size                           0x000000bc   Number         0  startup_stm32f051x8.o ABSOLUTE
    __Vectors                                0x08000000   Data           4  startup_stm32f051x8.o(RESET)
    __Vectors_End                            0x080000bc   Data           0  startup_stm32f051x8.o(RESET)
    __main                                   0x080000bd   Thumb Code     8  __main.o(!!!main)
    __scatterload                            0x080000c5   Thumb Code     0  __scatter.o(!!!scatter)
    __scatterload_rt2                        0x080000c5   Thumb Code    52  __scatter.o(!!!scatter)
    __scatterload_rt2_thumb_only             0x080000c5   Thumb Code     0  __scatter.o(!!!scatter)
    __scatterload_null                       0x080000d5   Thumb Code     0  __scatter.o(!!!scatter)
    __scatterload_copy                       0x08000101   Thumb Code    26  __scatter_copy.o(!!handler_copy)
    __scatterload_zeroinit                   0x0800011d   Thumb Code    28  __scatter_zi.o(!!handler_zi)
    __rt_lib_init                            0x08000139   Thumb Code     0  libinit.o(.ARM.Collect$$libinit$$00000000)
    __rt_lib_init_fp_1                       0x0800013b   Thumb Code     0  libinit2.o(.ARM.Collect$$libinit$$00000002)
    __rt_lib_init_heap_2                     0x0800013b   Thumb Code     0  libinit2.o(.ARM.Collect$$libinit$$00000007)
    __rt_lib_init_preinit_1                  0x0800013b   Thumb Code     0  libinit2.o(.ARM.Collect$$libinit$$00000006)
    __rt_lib_init_relocate_pie_1             0x0800013b   Thumb Code     0  libinit2.o(.ARM.Collect$$libinit$$00000004)
    __rt_lib_init_alloca_1                   0x08000143   Thumb Code     0  libinit2.o(.ARM.Collect$$libinit$$00000030)
    __rt_lib_init_argv_1                     0x08000143   Thumb Code     0  libinit2.o(.ARM.Collect$$libinit$$0000002E)
    __rt_lib_init_atexit_1                   0x08000143   Thumb Code     0  libinit2.o(.ARM.Collect$$libinit$$0000001D)
    __rt_lib_init_clock_1                    0x08000143   Thumb Code     0  libinit2.o(.ARM.Collect$$libinit$$00000023)
    __rt_lib_init_cpp_1                      0x08000143   Thumb Code     0  libinit2.o(.ARM.Collect$$libinit$$00000034)
    __rt_lib_init_exceptions_1               0x08000143   Thumb Code     0  libinit2.o(.ARM.Collect$$libinit$$00000032)
    __rt_lib_init_fp_trap_1                  0x08000143   Thumb Code     0  libinit2.o(.ARM.Collect$$libinit$$00000021)
    __rt_lib_init_getenv_1                   0x08000143   Thumb Code     0  libinit2.o(.ARM.Collect$$libinit$$00000025)
    __rt_lib_init_heap_1                     0x08000143   Thumb Code     0  libinit2.o(.ARM.Collect$$libinit$$0000000C)
    __rt_lib_init_lc_collate_1               0x08000143   Thumb Code     0  libinit2.o(.ARM.Collect$$libinit$$00000013)
    __rt_lib_init_lc_ctype_1                 0x08000143   Thumb Code     0  libinit2.o(.ARM.Collect$$libinit$$00000015)
    __rt_lib_init_lc_monetary_1              0x08000143   Thumb Code     0  libinit2.o(.ARM.Collect$$libinit$$00000017)
    __rt_lib_init_lc_numeric_1               0x08000143   Thumb Code     0  libinit2.o(.ARM.Collect$$libinit$$00000019)
    __rt_lib_init_lc_time_1                  0x08000143   Thumb Code     0  libinit2.o(.ARM.Collect$$libinit$$0000001B)
    __rt_lib_init_rand_1                     0x08000143   Thumb Code     0  libinit2.o(.ARM.Collect$$libinit$$00000010)
    __rt_lib_init_return                     0x08000143   Thumb Code     0  libinit2.o(.ARM.Collect$$libinit$$00000035)
    __rt_lib_init_signal_1                   0x08000143   Thumb Code     0  libinit2.o(.ARM.Collect$$libinit$$0000001F)
    __rt_lib_init_stdio_1                    0x08000143   Thumb Code     0  libinit2.o(.ARM.Collect$$libinit$$00000027)
    __rt_lib_init_user_alloc_1               0x08000143   Thumb Code     0  libinit2.o(.ARM.Collect$$libinit$$0000000E)
    __rt_lib_shutdown                        0x08000145   Thumb Code     0  libshutdown.o(.ARM.Collect$$libshutdown$$00000000)
    __rt_lib_shutdown_cpp_1                  0x08000147   Thumb Code     0  libshutdown2.o(.ARM.Collect$$libshutdown$$00000002)
    __rt_lib_shutdown_fp_trap_1              0x08000147   Thumb Code     0  libshutdown2.o(.ARM.Collect$$libshutdown$$00000007)
    __rt_lib_shutdown_heap_1                 0x08000147   Thumb Code     0  libshutdown2.o(.ARM.Collect$$libshutdown$$0000000F)
    __rt_lib_shutdown_return                 0x08000147   Thumb Code     0  libshutdown2.o(.ARM.Collect$$libshutdown$$00000010)
    __rt_lib_shutdown_signal_1               0x08000147   Thumb Code     0  libshutdown2.o(.ARM.Collect$$libshutdown$$0000000A)
    __rt_lib_shutdown_stdio_1                0x08000147   Thumb Code     0  libshutdown2.o(.ARM.Collect$$libshutdown$$00000004)
    __rt_lib_shutdown_user_alloc_1           0x08000147   Thumb Code     0  libshutdown2.o(.ARM.Collect$$libshutdown$$0000000C)
    __rt_entry                               0x08000149   Thumb Code     0  __rtentry.o(.ARM.Collect$$rtentry$$00000000)
    __rt_entry_presh_1                       0x08000149   Thumb Code     0  __rtentry2.o(.ARM.Collect$$rtentry$$00000002)
    __rt_entry_sh                            0x08000149   Thumb Code     0  __rtentry4.o(.ARM.Collect$$rtentry$$00000004)
    __rt_entry_li                            0x0800014f   Thumb Code     0  __rtentry2.o(.ARM.Collect$$rtentry$$0000000A)
    __rt_entry_postsh_1                      0x0800014f   Thumb Code     0  __rtentry2.o(.ARM.Collect$$rtentry$$00000009)
    __rt_entry_main                          0x08000153   Thumb Code     0  __rtentry2.o(.ARM.Collect$$rtentry$$0000000D)
    __rt_entry_postli_1                      0x08000153   Thumb Code     0  __rtentry2.o(.ARM.Collect$$rtentry$$0000000C)
    __rt_exit                                0x0800015b   Thumb Code     0  rtexit.o(.ARM.Collect$$rtexit$$00000000)
    __rt_exit_ls                             0x0800015d   Thumb Code     0  rtexit2.o(.ARM.Collect$$rtexit$$00000003)
    __rt_exit_prels_1                        0x0800015d   Thumb Code     0  rtexit2.o(.ARM.Collect$$rtexit$$00000002)
    __rt_exit_exit                           0x08000161   Thumb Code     0  rtexit2.o(.ARM.Collect$$rtexit$$00000004)
    Reset_Handler                            0x08000169   Thumb Code     8  startup_stm32f051x8.o(.text)
    ADC1_COMP_IRQHandler                     0x0800017b   Thumb Code     0  startup_stm32f051x8.o(.text)
    CEC_IRQHandler                           0x0800017b   Thumb Code     0  startup_stm32f051x8.o(.text)
    DMA1_Channel1_IRQHandler                 0x0800017b   Thumb Code     0  startup_stm32f051x8.o(.text)
    DMA1_Channel2_3_IRQHandler               0x0800017b   Thumb Code     0  startup_stm32f051x8.o(.text)
    DMA1_Channel4_5_IRQHandler               0x0800017b   Thumb Code     0  startup_stm32f051x8.o(.text)
    EXTI0_1_IRQHandler                       0x0800017b   Thumb Code     0  startup_stm32f051x8.o(.text)
    EXTI2_3_IRQHandler                       0x0800017b   Thumb Code     0  startup_stm32f051x8.o(.text)
    EXTI4_15_IRQHandler                      0x0800017b   Thumb Code     0  startup_stm32f051x8.o(.text)
    FLASH_IRQHandler                         0x0800017b   Thumb Code     0  startup_stm32f051x8.o(.text)
    I2C1_IRQHandler                          0x0800017b   Thumb Code     0  startup_stm32f051x8.o(.text)
    I2C2_IRQHandler                          0x0800017b   Thumb Code     0  startup_stm32f051x8.o(.text)
    PVD_IRQHandler                           0x0800017b   Thumb Code     0  startup_stm32f051x8.o(.text)
    RCC_IRQHandler                           0x0800017b   Thumb Code     0  startup_stm32f051x8.o(.text)
    RTC_IRQHandler                           0x0800017b   Thumb Code     0  startup_stm32f051x8.o(.text)
    SPI1_IRQHandler                          0x0800017b   Thumb Code     0  startup_stm32f051x8.o(.text)
    SPI2_IRQHandler                          0x0800017b   Thumb Code     0  startup_stm32f051x8.o(.text)
    TIM14_IRQHandler                         0x0800017b   Thumb Code     0  startup_stm32f051x8.o(.text)
    TIM15_IRQHandler                         0x0800017b   Thumb Code     0  startup_stm32f051x8.o(.text)
    TIM16_IRQHandler                         0x0800017b   Thumb Code     0  startup_stm32f051x8.o(.text)
    TIM17_IRQHandler                         0x0800017b   Thumb Code     0  startup_stm32f051x8.o(.text)
    TIM1_BRK_UP_TRG_COM_IRQHandler           0x0800017b   Thumb Code     0  startup_stm32f051x8.o(.text)
    TIM1_CC_IRQHandler                       0x0800017b   Thumb Code     0  startup_stm32f051x8.o(.text)
    TIM2_IRQHandler                          0x0800017b   Thumb Code     0  startup_stm32f051x8.o(.text)
    TIM3_IRQHandler                          0x0800017b   Thumb Code     0  startup_stm32f051x8.o(.text)
    TIM6_DAC_IRQHandler                      0x0800017b   Thumb Code     0  startup_stm32f051x8.o(.text)
    TSC_IRQHandler                           0x0800017b   Thumb Code     0  startup_stm32f051x8.o(.text)
    USART2_IRQHandler                        0x0800017b   Thumb Code     0  startup_stm32f051x8.o(.text)
    WWDG_IRQHandler                          0x0800017b   Thumb Code     0  startup_stm32f051x8.o(.text)
    __user_initial_stackheap                 0x0800017d   Thumb Code     0  startup_stm32f051x8.o(.text)
    malloc                                   0x080001a1   Thumb Code    98  h1_alloc.o(.text)
    free                                     0x08000203   Thumb Code    76  h1_free.o(.text)
    __aeabi_lmul                             0x0800024f   Thumb Code    48  llmul.o(.text)
    _ll_mul                                  0x0800024f   Thumb Code     0  llmul.o(.text)
    __aeabi_uldivmod                         0x0800027f   Thumb Code   272  lludiv.o(.text)
    _ll_udiv                                 0x0800027f   Thumb Code     0  lludiv.o(.text)
    _memset_w                                0x0800038f   Thumb Code    26  rt_memclr.o(.text)
    _memset                                  0x080003a9   Thumb Code    30  rt_memclr.o(.text)
    __aeabi_memclr                           0x080003c7   Thumb Code     4  rt_memclr.o(.text)
    __rt_memclr                              0x080003c7   Thumb Code     0  rt_memclr.o(.text)
    __aeabi_memclr4                          0x080003cb   Thumb Code     0  rt_memclr.o(.text)
    __aeabi_memclr8                          0x080003cb   Thumb Code     0  rt_memclr.o(.text)
    __rt_memclr_w                            0x080003cb   Thumb Code     4  rt_memclr.o(.text)
    strcmp                                   0x080003d1   Thumb Code   132  strcmp.o(.text)
    __aeabi_uidiv                            0x08000459   Thumb Code     0  aeabi_sdiv.o(.text)
    __aeabi_uidivmod                         0x08000459   Thumb Code    20  aeabi_sdiv.o(.text)
    __aeabi_idiv                             0x0800046d   Thumb Code     0  aeabi_sdiv.o(.text)
    __aeabi_idivmod                          0x0800046d   Thumb Code   338  aeabi_sdiv.o(.text)
    __use_two_region_memory                  0x080005c5   Thumb Code     2  heapauxi.o(.text)
    __rt_heap_escrow                         0x080005c7   Thumb Code     2  heapauxi.o(.text)
    __rt_heap_expand                         0x080005c9   Thumb Code     2  heapauxi.o(.text)
    __rt_heap_descriptor                     0x080005cd   Thumb Code     8  rt_heap_descriptor_intlibspace.o(.text)
    __use_no_heap                            0x080005d5   Thumb Code     2  hguard.o(.text)
    __heap$guard                             0x080005d7   Thumb Code     2  hguard.o(.text)
    _terminate_user_alloc                    0x080005d9   Thumb Code     2  init_alloc.o(.text)
    _init_user_alloc                         0x080005db   Thumb Code     2  init_alloc.o(.text)
    __Heap_Full                              0x080005dd   Thumb Code    32  init_alloc.o(.text)
    __Heap_Broken                            0x080005fd   Thumb Code    10  init_alloc.o(.text)
    _init_alloc                              0x08000607   Thumb Code    90  init_alloc.o(.text)
    __Heap_Initialize                        0x08000661   Thumb Code    10  h1_init.o(.text)
    __Heap_DescSize                          0x0800066b   Thumb Code     4  h1_init.o(.text)
    __user_libspace                          0x08000671   Thumb Code     8  libspace.o(.text)
    __user_perproc_libspace                  0x08000671   Thumb Code     0  libspace.o(.text)
    __user_perthread_libspace                0x08000671   Thumb Code     0  libspace.o(.text)
    __Heap_ProvideMemory                     0x08000679   Thumb Code    52  h1_extend.o(.text)
    _maybe_terminate_alloc                   0x08000679   Thumb Code     0  maybetermalloc1.o(.text)
    __rt_SIGRTMEM                            0x080006ad   Thumb Code    12  defsig_rtmem_outer.o(.text)
    __I$use$semihosting                      0x080006b9   Thumb Code     0  use_no_semi.o(.text)
    __use_no_semihosting_swi                 0x080006b9   Thumb Code     2  use_no_semi.o(.text)
    __semihosting_library_function           0x080006bb   Thumb Code     0  indicate_semi.o(.text)
    __user_setup_stackheap                   0x080006bb   Thumb Code    62  sys_stackheap_outer.o(.text)
    exit                                     0x080006f9   Thumb Code    16  exit.o(.text)
    __sig_exit                               0x08000709   Thumb Code    12  defsig_exit.o(.text)
    __rt_SIGRTMEM_inner                      0x08000715   Thumb Code    22  defsig_rtmem_inner.o(.text)
    _sys_exit                                0x08000765   Thumb Code     8  sys_exit.o(.text)
    __default_signal_display                 0x08000771   Thumb Code    52  defsig_general.o(.text)
    _ttywrch                                 0x080007a5   Thumb Code    12  sys_wrch.o(.text)
    Error_Handler                            0x080007b1   Thumb Code    14  main.o(.text.Error_Handler)
    HAL_DMA_Abort                            0x080007bf   Thumb Code   114  stm32f0xx_hal_dma.o(.text.HAL_DMA_Abort)
    HAL_DMA_Abort_IT                         0x08000831   Thumb Code   120  stm32f0xx_hal_dma.o(.text.HAL_DMA_Abort_IT)
    HAL_GPIO_Init                            0x080008a9   Thumb Code   708  stm32f0xx_hal_gpio.o(.text.HAL_GPIO_Init)
    HAL_GPIO_WritePin                        0x08000b8d   Thumb Code    44  stm32f0xx_hal_gpio.o(.text.HAL_GPIO_WritePin)
    HAL_GetTick                              0x08000bb9   Thumb Code     8  stm32f0xx_hal.o(.text.HAL_GetTick)
    HAL_IncTick                              0x08000bc1   Thumb Code    16  stm32f0xx_hal.o(.text.HAL_IncTick)
    HAL_Init                                 0x08000bd5   Thumb Code    28  stm32f0xx_hal.o(.text.HAL_Init)
    HAL_InitTick                             0x08000bf5   Thumb Code   100  stm32f0xx_hal.o(.text.HAL_InitTick)
    HAL_MspInit                              0x08000c65   Thumb Code    52  stm32f0xx_hal_msp.o(.text.HAL_MspInit)
    HAL_NVIC_EnableIRQ                       0x08000c9d   Thumb Code    22  stm32f0xx_hal_cortex.o(.text.HAL_NVIC_EnableIRQ)
    HAL_NVIC_SetPriority                     0x08000cb3   Thumb Code    28  stm32f0xx_hal_cortex.o(.text.HAL_NVIC_SetPriority)
    HAL_RCCEx_PeriphCLKConfig                0x08000cd1   Thumb Code   428  stm32f0xx_hal_rcc_ex.o(.text.HAL_RCCEx_PeriphCLKConfig)
    HAL_RCC_ClockConfig                      0x08000e8d   Thumb Code   432  stm32f0xx_hal_rcc.o(.text.HAL_RCC_ClockConfig)
    HAL_RCC_GetHCLKFreq                      0x0800104d   Thumb Code     8  stm32f0xx_hal_rcc.o(.text.HAL_RCC_GetHCLKFreq)
    HAL_RCC_GetPCLK1Freq                     0x08001059   Thumb Code    28  stm32f0xx_hal_rcc.o(.text.HAL_RCC_GetPCLK1Freq)
    HAL_RCC_GetSysClockFreq                  0x08001079   Thumb Code   152  stm32f0xx_hal_rcc.o(.text.HAL_RCC_GetSysClockFreq)
    HAL_RCC_OscConfig                        0x08001129   Thumb Code  1676  stm32f0xx_hal_rcc.o(.text.HAL_RCC_OscConfig)
    HAL_SYSTICK_Config                       0x080017d9   Thumb Code    16  stm32f0xx_hal_cortex.o(.text.HAL_SYSTICK_Config)
    HAL_UARTEx_RxEventCallback               0x080017e9   Thumb Code    12  stm32f0xx_hal_uart.o(.text.HAL_UARTEx_RxEventCallback)
    HAL_UARTEx_WakeupCallback                0x080017f5   Thumb Code     8  stm32f0xx_hal_uart_ex.o(.text.HAL_UARTEx_WakeupCallback)
    HAL_UART_ErrorCallback                   0x080017fd   Thumb Code     8  stm32f0xx_hal_uart.o(.text.HAL_UART_ErrorCallback)
    HAL_UART_IRQHandler                      0x08001805   Thumb Code  1296  stm32f0xx_hal_uart.o(.text.HAL_UART_IRQHandler)
    HAL_UART_Init                            0x08001d19   Thumb Code   176  stm32f0xx_hal_uart.o(.text.HAL_UART_Init)
    HAL_UART_MspInit                         0x08001dc9   Thumb Code   136  stm32f0xx_hal_msp.o(.text.HAL_UART_MspInit)
    HAL_UART_Receive_IT                      0x08001e55   Thumb Code   198  stm32f0xx_hal_uart.o(.text.HAL_UART_Receive_IT)
    HAL_UART_RxCpltCallback                  0x08001f1d   Thumb Code    32  main.o(.text.HAL_UART_RxCpltCallback)
    HAL_UART_TxCpltCallback                  0x08001f45   Thumb Code     8  stm32f0xx_hal_uart.o(.text.HAL_UART_TxCpltCallback)
    HardFault_Handler                        0x08001f4d   Thumb Code     4  stm32f0xx_it.o(.text.HardFault_Handler)
    NMI_Handler                              0x0800200d   Thumb Code     4  stm32f0xx_it.o(.text.NMI_Handler)
    PendSV_Handler                           0x08002011   Thumb Code     2  stm32f0xx_it.o(.text.PendSV_Handler)
    SVC_Handler                              0x08002013   Thumb Code     2  stm32f0xx_it.o(.text.SVC_Handler)
    SysTick_Handler                          0x08002065   Thumb Code     8  stm32f0xx_it.o(.text.SysTick_Handler)
    SystemClock_Config                       0x0800206d   Thumb Code   142  main.o(.text.SystemClock_Config)
    SystemInit                               0x080020fb   Thumb Code     2  system_stm32f0xx.o(.text.SystemInit)
    UART_AdvFeatureConfig                    0x080020fd   Thumb Code   346  stm32f0xx_hal_uart.o(.text.UART_AdvFeatureConfig)
    UART_CheckIdleState                      0x08002259   Thumb Code   344  stm32f0xx_hal_uart.o(.text.UART_CheckIdleState)
    UART_SetConfig                           0x080027d5   Thumb Code   624  stm32f0xx_hal_uart.o(.text.UART_SetConfig)
    UART_Start_Receive_IT                    0x08002a59   Thumb Code   356  stm32f0xx_hal_uart.o(.text.UART_Start_Receive_IT)
    UART_WaitOnFlagUntilTimeout              0x08002bc9   Thumb Code   248  stm32f0xx_hal_uart.o(.text.UART_WaitOnFlagUntilTimeout)
    USART1_IRQHandler                        0x08002cc1   Thumb Code    12  stm32f0xx_it.o(.text.USART1_IRQHandler)
    buffer_check                             0x08002d7d   Thumb Code   200  main.o(.text.buffer_check)
    main                                     0x08002e5d   Thumb Code    52  main.o(.text.main)
    ring_buffer_get                          0x08002e9d   Thumb Code    64  ringbuffer.o(.text.ring_buffer_get)
    ring_buffer_init                         0x08002edd   Thumb Code    38  ringbuffer.o(.text.ring_buffer_init)
    ring_buffer_is_empty                     0x08002f03   Thumb Code    20  ringbuffer.o(.text.ring_buffer_is_empty)
    ring_buffer_is_full                      0x08002f17   Thumb Code    34  ringbuffer.o(.text.ring_buffer_is_full)
    ring_buffer_put                          0x08002f39   Thumb Code    56  ringbuffer.o(.text.ring_buffer_put)
    AHBPrescTable                            0x08002f70   Data          16  system_stm32f0xx.o(.rodata.AHBPrescTable)
    APBPrescTable                            0x08002f80   Data           8  system_stm32f0xx.o(.rodata.APBPrescTable)
    Region$$Table$$Base                      0x08002fb8   Number         0  anon$$obj.o(Region$$Table)
    Region$$Table$$Limit                     0x08002fd8   Number         0  anon$$obj.o(Region$$Table)
    SystemCoreClock                          0x20000000   Data           4  system_stm32f0xx.o(.data.SystemCoreClock)
    uwTickFreq                               0x20000004   Data           1  stm32f0xx_hal.o(.data.uwTickFreq)
    uwTickPrio                               0x20000008   Data           4  stm32f0xx_hal.o(.data.uwTickPrio)
    __libspace_start                         0x20000010   Data          96  libspace.o(.bss)
    __temporary_stack_top$libspace           0x20000070   Data           0  libspace.o(.bss)
    data_buffer                              0x20000074   Data          16  main.o(.bss.data_buffer)
    data_command                             0x20000084   Data          20  main.o(.bss.data_command)
    huart1                                   0x20000098   Data         136  main.o(.bss.huart1)
    recvd_data                               0x20000120   Data           1  main.o(.bss.recvd_data)
    start                                    0x20000121   Data           1  main.o(.bss.start)
    uwTick                                   0x20000124   Data           4  stm32f0xx_hal.o(.bss.uwTick)



==============================================================================

Memory Map of the image

  Image Entry point : 0x080000bd

  Load Region LR_IROM1 (Base: 0x08000000, Size: 0x00002fe8, Max: 0x00010000, ABSOLUTE)

    Execution Region ER_IROM1 (Exec base: 0x08000000, Load base: 0x08000000, Size: 0x00002fd8, Max: 0x00010000, ABSOLUTE)

    Exec Addr    Load Addr    Size         Type   Attr      Idx    E Section Name        Object

    0x08000000   0x08000000   0x000000bc   Data   RO            3    RESET               startup_stm32f051x8.o
    0x080000bc   0x080000bc   0x00000008   Code   RO          906  * !!!main             c_p.l(__main.o)
    0x080000c4   0x080000c4   0x0000003c   Code   RO         1133    !!!scatter          c_p.l(__scatter.o)
    0x08000100   0x08000100   0x0000001a   Code   RO         1135    !!handler_copy      c_p.l(__scatter_copy.o)
    0x0800011a   0x0800011a   0x00000002   PAD
    0x0800011c   0x0800011c   0x0000001c   Code   RO         1137    !!handler_zi        c_p.l(__scatter_zi.o)
    0x08000138   0x08000138   0x00000002   Code   RO         1067    .ARM.Collect$$libinit$$00000000  c_p.l(libinit.o)
    0x0800013a   0x0800013a   0x00000000   Code   RO          949    .ARM.Collect$$libinit$$00000002  c_p.l(libinit2.o)
    0x0800013a   0x0800013a   0x00000000   Code   RO          951    .ARM.Collect$$libinit$$00000004  c_p.l(libinit2.o)
    0x0800013a   0x0800013a   0x00000000   Code   RO          953    .ARM.Collect$$libinit$$00000006  c_p.l(libinit2.o)
    0x0800013a   0x0800013a   0x00000008   Code   RO          954    .ARM.Collect$$libinit$$00000007  c_p.l(libinit2.o)
    0x08000142   0x08000142   0x00000000   Code   RO          956    .ARM.Collect$$libinit$$0000000C  c_p.l(libinit2.o)
    0x08000142   0x08000142   0x00000000   Code   RO          958    .ARM.Collect$$libinit$$0000000E  c_p.l(libinit2.o)
    0x08000142   0x08000142   0x00000000   Code   RO          960    .ARM.Collect$$libinit$$00000010  c_p.l(libinit2.o)
    0x08000142   0x08000142   0x00000000   Code   RO          963    .ARM.Collect$$libinit$$00000013  c_p.l(libinit2.o)
    0x08000142   0x08000142   0x00000000   Code   RO          965    .ARM.Collect$$libinit$$00000015  c_p.l(libinit2.o)
    0x08000142   0x08000142   0x00000000   Code   RO          967    .ARM.Collect$$libinit$$00000017  c_p.l(libinit2.o)
    0x08000142   0x08000142   0x00000000   Code   RO          969    .ARM.Collect$$libinit$$00000019  c_p.l(libinit2.o)
    0x08000142   0x08000142   0x00000000   Code   RO          971    .ARM.Collect$$libinit$$0000001B  c_p.l(libinit2.o)
    0x08000142   0x08000142   0x00000000   Code   RO          973    .ARM.Collect$$libinit$$0000001D  c_p.l(libinit2.o)
    0x08000142   0x08000142   0x00000000   Code   RO          975    .ARM.Collect$$libinit$$0000001F  c_p.l(libinit2.o)
    0x08000142   0x08000142   0x00000000   Code   RO          977    .ARM.Collect$$libinit$$00000021  c_p.l(libinit2.o)
    0x08000142   0x08000142   0x00000000   Code   RO          979    .ARM.Collect$$libinit$$00000023  c_p.l(libinit2.o)
    0x08000142   0x08000142   0x00000000   Code   RO          981    .ARM.Collect$$libinit$$00000025  c_p.l(libinit2.o)
    0x08000142   0x08000142   0x00000000   Code   RO          983    .ARM.Collect$$libinit$$00000027  c_p.l(libinit2.o)
    0x08000142   0x08000142   0x00000000   Code   RO          987    .ARM.Collect$$libinit$$0000002E  c_p.l(libinit2.o)
    0x08000142   0x08000142   0x00000000   Code   RO          989    .ARM.Collect$$libinit$$00000030  c_p.l(libinit2.o)
    0x08000142   0x08000142   0x00000000   Code   RO          991    .ARM.Collect$$libinit$$00000032  c_p.l(libinit2.o)
    0x08000142   0x08000142   0x00000000   Code   RO          993    .ARM.Collect$$libinit$$00000034  c_p.l(libinit2.o)
    0x08000142   0x08000142   0x00000002   Code   RO          994    .ARM.Collect$$libinit$$00000035  c_p.l(libinit2.o)
    0x08000144   0x08000144   0x00000002   Code   RO         1130    .ARM.Collect$$libshutdown$$00000000  c_p.l(libshutdown.o)
    0x08000146   0x08000146   0x00000000   Code   RO         1086    .ARM.Collect$$libshutdown$$00000002  c_p.l(libshutdown2.o)
    0x08000146   0x08000146   0x00000000   Code   RO         1088    .ARM.Collect$$libshutdown$$00000004  c_p.l(libshutdown2.o)
    0x08000146   0x08000146   0x00000000   Code   RO         1091    .ARM.Collect$$libshutdown$$00000007  c_p.l(libshutdown2.o)
    0x08000146   0x08000146   0x00000000   Code   RO         1094    .ARM.Collect$$libshutdown$$0000000A  c_p.l(libshutdown2.o)
    0x08000146   0x08000146   0x00000000   Code   RO         1096    .ARM.Collect$$libshutdown$$0000000C  c_p.l(libshutdown2.o)
    0x08000146   0x08000146   0x00000000   Code   RO         1099    .ARM.Collect$$libshutdown$$0000000F  c_p.l(libshutdown2.o)
    0x08000146   0x08000146   0x00000002   Code   RO         1100    .ARM.Collect$$libshutdown$$00000010  c_p.l(libshutdown2.o)
    0x08000148   0x08000148   0x00000000   Code   RO          910    .ARM.Collect$$rtentry$$00000000  c_p.l(__rtentry.o)
    0x08000148   0x08000148   0x00000000   Code   RO         1003    .ARM.Collect$$rtentry$$00000002  c_p.l(__rtentry2.o)
    0x08000148   0x08000148   0x00000006   Code   RO         1015    .ARM.Collect$$rtentry$$00000004  c_p.l(__rtentry4.o)
    0x0800014e   0x0800014e   0x00000000   Code   RO         1005    .ARM.Collect$$rtentry$$00000009  c_p.l(__rtentry2.o)
    0x0800014e   0x0800014e   0x00000004   Code   RO         1006    .ARM.Collect$$rtentry$$0000000A  c_p.l(__rtentry2.o)
    0x08000152   0x08000152   0x00000000   Code   RO         1008    .ARM.Collect$$rtentry$$0000000C  c_p.l(__rtentry2.o)
    0x08000152   0x08000152   0x00000008   Code   RO         1009    .ARM.Collect$$rtentry$$0000000D  c_p.l(__rtentry2.o)
    0x0800015a   0x0800015a   0x00000002   Code   RO         1073    .ARM.Collect$$rtexit$$00000000  c_p.l(rtexit.o)
    0x0800015c   0x0800015c   0x00000000   Code   RO         1106    .ARM.Collect$$rtexit$$00000002  c_p.l(rtexit2.o)
    0x0800015c   0x0800015c   0x00000004   Code   RO         1107    .ARM.Collect$$rtexit$$00000003  c_p.l(rtexit2.o)
    0x08000160   0x08000160   0x00000006   Code   RO         1108    .ARM.Collect$$rtexit$$00000004  c_p.l(rtexit2.o)
    0x08000166   0x08000166   0x00000002   PAD
    0x08000168   0x08000168   0x00000038   Code   RO            4    .text               startup_stm32f051x8.o
    0x080001a0   0x080001a0   0x00000062   Code   RO          832    .text               c_p.l(h1_alloc.o)
    0x08000202   0x08000202   0x0000004c   Code   RO          834    .text               c_p.l(h1_free.o)
    0x0800024e   0x0800024e   0x00000030   Code   RO          892    .text               c_p.l(llmul.o)
    0x0800027e   0x0800027e   0x00000110   Code   RO          894    .text               c_p.l(lludiv.o)
    0x0800038e   0x0800038e   0x00000040   Code   RO          896    .text               c_p.l(rt_memclr.o)
    0x080003ce   0x080003ce   0x00000002   PAD
    0x080003d0   0x080003d0   0x00000088   Code   RO          898    .text               c_p.l(strcmp.o)
    0x08000458   0x08000458   0x0000016c   Code   RO          900    .text               c_p.l(aeabi_sdiv.o)
    0x080005c4   0x080005c4   0x00000006   Code   RO          904    .text               c_p.l(heapauxi.o)
    0x080005ca   0x080005ca   0x00000002   PAD
    0x080005cc   0x080005cc   0x00000008   Code   RO          922    .text               c_p.l(rt_heap_descriptor_intlibspace.o)
    0x080005d4   0x080005d4   0x00000004   Code   RO          924    .text               c_p.l(hguard.o)
    0x080005d8   0x080005d8   0x00000088   Code   RO          926    .text               c_p.l(init_alloc.o)
    0x08000660   0x08000660   0x0000000e   Code   RO          930    .text               c_p.l(h1_init.o)
    0x0800066e   0x0800066e   0x00000002   PAD
    0x08000670   0x08000670   0x00000008   Code   RO          999    .text               c_p.l(libspace.o)
    0x08000678   0x08000678   0x00000000   Code   RO         1021    .text               c_p.l(maybetermalloc1.o)
    0x08000678   0x08000678   0x00000034   Code   RO         1023    .text               c_p.l(h1_extend.o)
    0x080006ac   0x080006ac   0x0000000c   Code   RO         1027    .text               c_p.l(defsig_rtmem_outer.o)
    0x080006b8   0x080006b8   0x00000002   Code   RO         1038    .text               c_p.l(use_no_semi.o)
    0x080006ba   0x080006ba   0x00000000   Code   RO         1040    .text               c_p.l(indicate_semi.o)
    0x080006ba   0x080006ba   0x0000003e   Code   RO         1041    .text               c_p.l(sys_stackheap_outer.o)
    0x080006f8   0x080006f8   0x00000010   Code   RO         1048    .text               c_p.l(exit.o)
    0x08000708   0x08000708   0x0000000c   Code   RO         1050    .text               c_p.l(defsig_exit.o)
    0x08000714   0x08000714   0x00000050   Code   RO         1056    .text               c_p.l(defsig_rtmem_inner.o)
    0x08000764   0x08000764   0x0000000c   Code   RO         1068    .text               c_p.l(sys_exit.o)
    0x08000770   0x08000770   0x00000034   Code   RO         1081    .text               c_p.l(defsig_general.o)
    0x080007a4   0x080007a4   0x0000000c   Code   RO         1101    .text               c_p.l(sys_wrch.o)
    0x080007b0   0x080007b0   0x0000000e   Code   RO           46    .text.Error_Handler  main.o
    0x080007be   0x080007be   0x00000072   Code   RO          593    .text.HAL_DMA_Abort  stm32f0xx_hal_dma.o
    0x08000830   0x08000830   0x00000078   Code   RO          595    .text.HAL_DMA_Abort_IT  stm32f0xx_hal_dma.o
    0x080008a8   0x080008a8   0x000002e4   Code   RO          558    .text.HAL_GPIO_Init  stm32f0xx_hal_gpio.o
    0x08000b8c   0x08000b8c   0x0000002c   Code   RO          564    .text.HAL_GPIO_WritePin  stm32f0xx_hal_gpio.o
    0x08000bb8   0x08000bb8   0x00000008   Code   RO          326    .text.HAL_GetTick   stm32f0xx_hal.o
    0x08000bc0   0x08000bc0   0x00000014   Code   RO          324    .text.HAL_IncTick   stm32f0xx_hal.o
    0x08000bd4   0x08000bd4   0x00000020   Code   RO          314    .text.HAL_Init      stm32f0xx_hal.o
    0x08000bf4   0x08000bf4   0x00000070   Code   RO          316    .text.HAL_InitTick  stm32f0xx_hal.o
    0x08000c64   0x08000c64   0x00000038   Code   RO           83    .text.HAL_MspInit   stm32f0xx_hal_msp.o
    0x08000c9c   0x08000c9c   0x00000016   Code   RO          620    .text.HAL_NVIC_EnableIRQ  stm32f0xx_hal_cortex.o
    0x08000cb2   0x08000cb2   0x0000001c   Code   RO          616    .text.HAL_NVIC_SetPriority  stm32f0xx_hal_cortex.o
    0x08000cce   0x08000cce   0x00000002   PAD
    0x08000cd0   0x08000cd0   0x000001bc   Code   RO          301    .text.HAL_RCCEx_PeriphCLKConfig  stm32f0xx_hal_rcc_ex.o
    0x08000e8c   0x08000e8c   0x000001c0   Code   RO          270    .text.HAL_RCC_ClockConfig  stm32f0xx_hal_rcc.o
    0x0800104c   0x0800104c   0x0000000c   Code   RO          280    .text.HAL_RCC_GetHCLKFreq  stm32f0xx_hal_rcc.o
    0x08001058   0x08001058   0x00000020   Code   RO          282    .text.HAL_RCC_GetPCLK1Freq  stm32f0xx_hal_rcc.o
    0x08001078   0x08001078   0x000000b0   Code   RO          272    .text.HAL_RCC_GetSysClockFreq  stm32f0xx_hal_rcc.o
    0x08001128   0x08001128   0x000006b0   Code   RO          268    .text.HAL_RCC_OscConfig  stm32f0xx_hal_rcc.o
    0x080017d8   0x080017d8   0x00000010   Code   RO          632    .text.HAL_SYSTICK_Config  stm32f0xx_hal_cortex.o
    0x080017e8   0x080017e8   0x0000000c   Code   RO          188    .text.HAL_UARTEx_RxEventCallback  stm32f0xx_hal_uart.o
    0x080017f4   0x080017f4   0x00000008   Code   RO          239    .text.HAL_UARTEx_WakeupCallback  stm32f0xx_hal_uart_ex.o
    0x080017fc   0x080017fc   0x00000008   Code   RO          186    .text.HAL_UART_ErrorCallback  stm32f0xx_hal_uart.o
    0x08001804   0x08001804   0x00000514   Code   RO          182    .text.HAL_UART_IRQHandler  stm32f0xx_hal_uart.o
    0x08001d18   0x08001d18   0x000000b0   Code   RO           98    .text.HAL_UART_Init  stm32f0xx_hal_uart.o
    0x08001dc8   0x08001dc8   0x0000008c   Code   RO           85    .text.HAL_UART_MspInit  stm32f0xx_hal_msp.o
    0x08001e54   0x08001e54   0x000000c6   Code   RO          130    .text.HAL_UART_Receive_IT  stm32f0xx_hal_uart.o
    0x08001f1a   0x08001f1a   0x00000002   PAD
    0x08001f1c   0x08001f1c   0x00000028   Code   RO           34    .text.HAL_UART_RxCpltCallback  main.o
    0x08001f44   0x08001f44   0x00000008   Code   RO          192    .text.HAL_UART_TxCpltCallback  stm32f0xx_hal_uart.o
    0x08001f4c   0x08001f4c   0x00000004   Code   RO           66    .text.HardFault_Handler  stm32f0xx_it.o
    0x08001f50   0x08001f50   0x00000078   Code   RO           42    .text.MX_GPIO_Init  main.o
    0x08001fc8   0x08001fc8   0x00000044   Code   RO           44    .text.MX_USART1_UART_Init  main.o
    0x0800200c   0x0800200c   0x00000004   Code   RO           64    .text.NMI_Handler   stm32f0xx_it.o
    0x08002010   0x08002010   0x00000002   Code   RO           70    .text.PendSV_Handler  stm32f0xx_it.o
    0x08002012   0x08002012   0x00000002   Code   RO           68    .text.SVC_Handler   stm32f0xx_it.o
    0x08002014   0x08002014   0x00000050   Code   RO          634    .text.SysTick_Config  stm32f0xx_hal_cortex.o
    0x08002064   0x08002064   0x00000008   Code   RO           72    .text.SysTick_Handler  stm32f0xx_it.o
    0x0800206c   0x0800206c   0x0000008e   Code   RO           40    .text.SystemClock_Config  main.o
    0x080020fa   0x080020fa   0x00000002   Code   RO          813    .text.SystemInit    system_stm32f0xx.o
    0x080020fc   0x080020fc   0x0000015a   Code   RO          104    .text.UART_AdvFeatureConfig  stm32f0xx_hal_uart.o
    0x08002256   0x08002256   0x00000002   PAD
    0x08002258   0x08002258   0x0000015c   Code   RO          106    .text.UART_CheckIdleState  stm32f0xx_hal_uart.o
    0x080023b4   0x080023b4   0x00000024   Code   RO          184    .text.UART_DMAAbortOnError  stm32f0xx_hal_uart.o
    0x080023d8   0x080023d8   0x000000b0   Code   RO          154    .text.UART_EndRxTransfer  stm32f0xx_hal_uart.o
    0x08002488   0x08002488   0x0000004a   Code   RO          190    .text.UART_EndTransmit_IT  stm32f0xx_hal_uart.o
    0x080024d2   0x080024d2   0x00000182   Code   RO          222    .text.UART_RxISR_16BIT  stm32f0xx_hal_uart.o
    0x08002654   0x08002654   0x0000017e   Code   RO          224    .text.UART_RxISR_8BIT  stm32f0xx_hal_uart.o
    0x080027d2   0x080027d2   0x00000002   PAD
    0x080027d4   0x080027d4   0x00000284   Code   RO          102    .text.UART_SetConfig  stm32f0xx_hal_uart.o
    0x08002a58   0x08002a58   0x00000170   Code   RO          132    .text.UART_Start_Receive_IT  stm32f0xx_hal_uart.o
    0x08002bc8   0x08002bc8   0x000000f8   Code   RO          120    .text.UART_WaitOnFlagUntilTimeout  stm32f0xx_hal_uart.o
    0x08002cc0   0x08002cc0   0x0000000c   Code   RO           74    .text.USART1_IRQHandler  stm32f0xx_it.o
    0x08002ccc   0x08002ccc   0x0000002c   Code   RO          622    .text.__NVIC_EnableIRQ  stm32f0xx_hal_cortex.o
    0x08002cf8   0x08002cf8   0x00000084   Code   RO          618    .text.__NVIC_SetPriority  stm32f0xx_hal_cortex.o
    0x08002d7c   0x08002d7c   0x000000e0   Code   RO           36    .text.buffer_check  main.o
    0x08002e5c   0x08002e5c   0x00000040   Code   RO           38    .text.main          main.o
    0x08002e9c   0x08002e9c   0x00000040   Code   RO           21    .text.ring_buffer_get  ringbuffer.o
    0x08002edc   0x08002edc   0x00000026   Code   RO           11    .text.ring_buffer_init  ringbuffer.o
    0x08002f02   0x08002f02   0x00000014   Code   RO           15    .text.ring_buffer_is_empty  ringbuffer.o
    0x08002f16   0x08002f16   0x00000022   Code   RO           17    .text.ring_buffer_is_full  ringbuffer.o
    0x08002f38   0x08002f38   0x00000038   Code   RO           19    .text.ring_buffer_put  ringbuffer.o
    0x08002f70   0x08002f70   0x00000010   Data   RO          818    .rodata.AHBPrescTable  system_stm32f0xx.o
    0x08002f80   0x08002f80   0x00000008   Data   RO          819    .rodata.APBPrescTable  system_stm32f0xx.o
    0x08002f88   0x08002f88   0x00000010   Data   RO          292    .rodata.HAL_RCC_GetSysClockFreq.aPLLMULFactorTable  stm32f0xx_hal_rcc.o
    0x08002f98   0x08002f98   0x00000010   Data   RO          293    .rodata.HAL_RCC_GetSysClockFreq.aPredivFactorTable  stm32f0xx_hal_rcc.o
    0x08002fa8   0x08002fa8   0x0000000f   Data   RO           55    .rodata.str1.1      main.o
    0x08002fb7   0x08002fb7   0x00000001   PAD
    0x08002fb8   0x08002fb8   0x00000020   Data   RO         1132    Region$$Table       anon$$obj.o


    Execution Region RW_IRAM1 (Exec base: 0x20000000, Load base: 0x08002fd8, Size: 0x00000728, Max: 0x00002000, ABSOLUTE)

    Exec Addr    Load Addr    Size         Type   Attr      Idx    E Section Name        Object

    0x20000000   0x08002fd8   0x00000004   Data   RW          817    .data.SystemCoreClock  system_stm32f0xx.o
    0x20000004   0x08002fdc   0x00000001   Data   RW          361    .data.uwTickFreq    stm32f0xx_hal.o
    0x20000005   0x08002fdd   0x00000003   PAD
    0x20000008   0x08002fe0   0x00000004   Data   RW          360    .data.uwTickPrio    stm32f0xx_hal.o
    0x2000000c   0x08002fe4   0x00000004   PAD
    0x20000010        -       0x00000060   Zero   RW         1000    .bss                c_p.l(libspace.o)
    0x20000070        -       0x00000001   Zero   RW           54    .bss.buffer_check.i  main.o
    0x20000071   0x08002fe4   0x00000003   PAD
    0x20000074        -       0x00000010   Zero   RW           51    .bss.data_buffer    main.o
    0x20000084        -       0x00000014   Zero   RW           48    .bss.data_command   main.o
    0x20000098        -       0x00000088   Zero   RW           53    .bss.huart1         main.o
    0x20000120        -       0x00000001   Zero   RW           52    .bss.recvd_data     main.o
    0x20000121        -       0x00000001   Zero   RW           49    .bss.start          main.o
    0x20000122   0x08002fe4   0x00000002   PAD
    0x20000124        -       0x00000004   Zero   RW          362    .bss.uwTick         stm32f0xx_hal.o
    0x20000128        -       0x00000200   Zero   RW            2    HEAP                startup_stm32f051x8.o
    0x20000328        -       0x00000400   Zero   RW            1    STACK               startup_stm32f051x8.o


==============================================================================

Image component sizes


      Code (inc. data)   RO Data    RW Data    ZI Data      Debug   Object Name

       672         60         15          0        175       6591   main.o
       212          0          0          0          0       1811   ringbuffer.o
        56         26        188          0       1536        648   startup_stm32f051x8.o
       172         20          0          5          4       5213   stm32f0xx_hal.o
       322         24          0          0          0       5193   stm32f0xx_hal_cortex.o
       234          0          0          0          0       6329   stm32f0xx_hal_dma.o
       784         32          0          0          0       4547   stm32f0xx_hal_gpio.o
       196          8          0          0          0       5239   stm32f0xx_hal_msp.o
      2380         96         32          0          0       7538   stm32f0xx_hal_rcc.o
       444         16          0          0          0       3124   stm32f0xx_hal_rcc_ex.o
      4710        136          0          0          0      34163   stm32f0xx_hal_uart.o
         8          0          0          0          0       7631   stm32f0xx_hal_uart_ex.o
        32          0          0          0          0        823   stm32f0xx_it.o
         2          0         24          4          0       1635   system_stm32f0xx.o

    ----------------------------------------------------------------------
     10232        418        292         12       1724      90485   Object Totals
         0          0         32          0          0          0   (incl. Generated)
         8          0          1          3          9          0   (incl. Padding)

    ----------------------------------------------------------------------

      Code (inc. data)   RO Data    RW Data    ZI Data      Debug   Library Member Name

         8          0          0          0          0         68   __main.o
         0          0          0          0          0          0   __rtentry.o
        12          0          0          0          0          0   __rtentry2.o
         6          0          0          0          0          0   __rtentry4.o
        60          8          0          0          0          0   __scatter.o
        26          0          0          0          0          0   __scatter_copy.o
        28          0          0          0          0          0   __scatter_zi.o
       364          4          0          0          0         92   aeabi_sdiv.o
        12          0          0          0          0         68   defsig_exit.o
        52          0          0          0          0         72   defsig_general.o
        80         58          0          0          0         68   defsig_rtmem_inner.o
        12          0          0          0          0         68   defsig_rtmem_outer.o
        16          0          0          0          0         68   exit.o
        98          0          0          0          0         72   h1_alloc.o
        52          0          0          0          0         68   h1_extend.o
        76          0          0          0          0         72   h1_free.o
        14          0          0          0          0         76   h1_init.o
         6          0          0          0          0        136   heapauxi.o
         4          0          0          0          0        120   hguard.o
         0          0          0          0          0          0   indicate_semi.o
       136          0          0          0          0        160   init_alloc.o
         2          0          0          0          0          0   libinit.o
        10          0          0          0          0          0   libinit2.o
         2          0          0          0          0          0   libshutdown.o
         2          0          0          0          0          0   libshutdown2.o
         8          4          0          0         96         68   libspace.o
        48          0          0          0          0         72   llmul.o
       272          0          0          0          0         88   lludiv.o
         0          0          0          0          0          0   maybetermalloc1.o
         8          4          0          0          0         68   rt_heap_descriptor_intlibspace.o
        64          0          0          0          0        108   rt_memclr.o
         2          0          0          0          0          0   rtexit.o
        10          0          0          0          0          0   rtexit2.o
       136          4          0          0          0         72   strcmp.o
        12          4          0          0          0         60   sys_exit.o
        62          0          0          0          0         80   sys_stackheap_outer.o
        12          0          0          0          0         68   sys_wrch.o
         2          0          0          0          0         68   use_no_semi.o

    ----------------------------------------------------------------------
      1724         86          0          0         96       1960   Library Totals
        10          0          0          0          0          0   (incl. Padding)

    ----------------------------------------------------------------------

      Code (inc. data)   RO Data    RW Data    ZI Data      Debug   Library Name

      1714         86          0          0         96       1960   c_p.l

    ----------------------------------------------------------------------
      1724         86          0          0         96       1960   Library Totals

    ----------------------------------------------------------------------

==============================================================================


      Code (inc. data)   RO Data    RW Data    ZI Data      Debug   

     11956        504        292         12       1820      91305   Grand Totals
     11956        504        292         12       1820      91305   ELF Image Totals
     11956        504        292         12          0          0   ROM Totals

==============================================================================

    Total RO  Size (Code + RO Data)                12248 (  11.96kB)
    Total RW  Size (RW Data + ZI Data)              1832 (   1.79kB)
    Total ROM Size (Code + RO Data + RW Data)      12260 (  11.97kB)

==============================================================================

